328 cells, 12 workers
[1/328] OK triads/2023_03_01_M12_M13_M14/C7b_cams2_sigma10 idf1=0.792594 acc=0.792594 sw=12
[2/328] OK triads/2023_03_01_M15_M16_M14/C7_cams2 idf1=1.0 acc=1.0 sw=0
[3/328] OK triads/2023_03_01_M12_M13_M14/C7_cams2 idf1=0.999728 acc=0.999728 sw=2
[4/328] OK triads/2023_03_01_M15_M16_M14/C7b_cams2_sigma10 idf1=1.0 acc=1.0 sw=0
[5/328] OK triads/2023_03_01_M15_M16_M14/C7b_cams3_sigma10 idf1=1.0 acc=1.0 sw=0
[6/328] SKIP triads/2023_03_01_M1_M2_M3/C7_cams2
[7/328] OK triads/2023_03_01_M15_M16_M14/C7_cams3 idf1=1.0 acc=1.0 sw=0
[8/328] OK triads/2023_03_01_M12_M13_M14/C7_cams3 idf1=0.999907 acc=0.999907 sw=4
[9/328] OK triads/2023_03_01_M12_M13_M14/C7b_cams3_sigma10 idf1=0.609969 acc=0.609969 sw=12
[10/328] OK triads/2023_03_01_M12_M13_M14/C7_cams4 idf1=0.7922 acc=0.7922 sw=2
[11/328] OK triads/2023_03_01_M12_M13_M14/C7b_cams4_sigma10 idf1=0.999872 acc=0.999872 sw=6
[12/328] OK triads/2023_03_01_M12_M13_M14/C7b_cams5_sigma10 idf1=0.999858 acc=0.999858 sw=8
[13/328] OK triads/2023_03_01_M12_M13_M14/C7_cams5 idf1=0.792202 acc=0.792202 sw=2
[14/328] OK triads/2023_03_01_M1_M2_M3/C7b_cams2_sigma10 idf1=1.0 acc=1.0 sw=0
[15/328] OK triads/2023_03_01_M15_M16_M14/C7b_cams4_sigma10 idf1=1.0 acc=1.0 sw=0
[16/328] OK triads/2023_03_01_M15_M16_M14/C7_cams4 idf1=1.0 acc=1.0 sw=0
[17/328] OK triads/2023_03_01_M1_M2_M3/C7_cams3 idf1=1.0 acc=1.0 sw=0
[18/328] OK triads/2023_03_01_M1_M2_M3/C7b_cams3_sigma10 idf1=1.0 acc=1.0 sw=0
[19/328] OK triads/2023_03_01_M15_M16_M14/C7b_cams5_sigma10 idf1=1.0 acc=1.0 sw=0
[20/328] OK triads/2023_03_01_M15_M16_M14/C7_cams5 idf1=1.0 acc=1.0 sw=0
[21/328] OK triads/2023_03_01_M4_M5_M6/C7_cams2 idf1=1.0 acc=1.0 sw=0
[22/328] OK triads/2023_03_01_M1_M2_M3/C7_cams4 idf1=1.0 acc=1.0 sw=0
[23/328] OK triads/2023_03_01_M1_M2_M3/C7b_cams4_sigma10 idf1=1.0 acc=1.0 sw=0
[24/328] OK triads/2023_03_01_M1_M2_M3/C7_cams5 idf1=1.0 acc=1.0 sw=0
[25/328] OK triads/2023_03_01_M1_M2_M3/C7b_cams5_sigma10 idf1=1.0 acc=1.0 sw=0
[26/328] OK triads/2023_03_01_M4_M5_M6/C7b_cams2_sigma10 idf1=1.0 acc=1.0 sw=0
[27/328] OK triads/2023_03_01_M7_M8_M6/C7_cams2 idf1=1.0 acc=1.0 sw=0
[28/328] OK triads/2023_03_01_M4_M5_M6/C7_cams3 idf1=1.0 acc=1.0 sw=0
[29/328] OK triads/2023_03_01_M7_M8_M6/C7b_cams2_sigma10 idf1=1.0 acc=1.0 sw=0
[30/328] OK triads/2023_03_01_M4_M5_M6/C7b_cams3_sigma10 idf1=1.0 acc=1.0 sw=0
[31/328] OK triads/2023_03_01_M4_M5_M6/C7_cams4 idf1=1.0 acc=1.0 sw=0
[32/328] OK triads/2023_03_01_M4_M5_M6/C7b_cams4_sigma10 idf1=1.0 acc=1.0 sw=0
[33/328] OK triads/2023_03_01_M7_M8_M6/C7_cams3 idf1=1.0 acc=1.0 sw=0
[34/328] OK triads/2023_03_01_M4_M5_M6/C7b_cams5_sigma10 idf1=1.0 acc=1.0 sw=0
[35/328] OK triads/2023_03_01_M4_M5_M6/C7_cams5 idf1=1.0 acc=1.0 sw=0
[36/328] OK triads/2023_03_01_M7_M8_M6/C7b_cams3_sigma10 idf1=1.0 acc=1.0 sw=0
[37/328] OK triads/2023_03_01_M7_M8_M6/C7_cams4 idf1=1.0 acc=1.0 sw=0
[38/328] OK triads/2023_03_01_M7_M8_M6/C7b_cams4_sigma10 idf1=1.0 acc=1.0 sw=0
[39/328] OK triads/2023_03_15_M2_M3_M4/C7b_cams2_sigma10 idf1=0.943867 acc=0.943867 sw=2
[40/328] OK triads/2023_03_15_M2_M3_M4/C7_cams2 idf1=1.0 acc=1.0 sw=0
[41/328] OK triads/2023_03_15_M2_M3_M4/C7_cams3 idf1=1.0 acc=1.0 sw=0
[42/328] OK triads/2023_03_15_M2_M3_M4/C7b_cams3_sigma10 idf1=1.0 acc=1.0 sw=0
[43/328] OK triads/2023_03_01_M7_M8_M6/C7_cams5 idf1=1.0 acc=1.0 sw=0
[44/328] OK triads/2023_03_01_M7_M8_M6/C7b_cams5_sigma10 idf1=1.0 acc=1.0 sw=0
[45/328] OK triads/2023_03_15_M2_M3_M4/C7_cams4 idf1=1.0 acc=1.0 sw=0
[46/328] OK bedding/2024_05_05_F1_F2/C7_cams2 idf1=0.782811 acc=0.782811 sw=2
[47/328] OK triads/2023_03_15_M2_M3_M4/C7b_cams4_sigma10 idf1=0.999997 acc=0.999997 sw=0
[48/328] OK bedding/2024_05_05_F1_F2/C7b_cams2_sigma10 idf1=0.866972 acc=0.866972 sw=14
[49/328] OK triads/2023_03_15_M2_M3_M4/C7_cams5 idf1=1.0 acc=1.0 sw=0
[50/328] OK triads/2023_03_15_M2_M3_M4/C7b_cams5_sigma10 idf1=0.999998 acc=0.999998 sw=0
[51/328] OK bedding/2024_05_05_F1_F2/C7_cams3 idf1=1.0 acc=1.0 sw=0
[52/328] OK bedding/2024_05_05_F1_F2/C7b_cams3_sigma10 idf1=0.868944 acc=0.868944 sw=2
[53/328] OK bedding/2024_05_05_F5_F3/C7_cams2 idf1=1.0 acc=1.0 sw=0
[54/328] OK bedding/2024_05_05_F1_F2/C7_cams4 idf1=0.999994 acc=0.999994 sw=0
[55/328] OK bedding/2024_05_05_F5_F3/C7b_cams2_sigma10 idf1=0.638128 acc=0.638128 sw=24
[56/328] OK bedding/2024_05_05_F1_F2/C7b_cams4_sigma10 idf1=0.999958 acc=0.999958 sw=2
[57/328] OK bedding/2024_05_05_F1_F2/C7_cams5 idf1=1.0 acc=1.0 sw=0
[58/328] OK bedding/2024_05_05_F1_F2/C7b_cams5_sigma10 idf1=0.792336 acc=0.792336 sw=6
[59/328] OK bedding/2024_05_05_F5_F3/C7_cams3 idf1=0.878622 acc=0.878622 sw=2
[60/328] OK bedding/2024_05_05_F5_F3/C7b_cams3_sigma10 idf1=0.728993 acc=0.728993 sw=22
[61/328] OK bedding/2024_05_05_F5_F3/C7_cams4 idf1=1.0 acc=1.0 sw=0
[62/328] OK bedding/2024_05_05_F5_F3/C7b_cams4_sigma10 idf1=0.857992 acc=0.857992 sw=22
[63/328] OK bedding/2024_05_05_F5_F3/C7_cams5 idf1=0.999998 acc=0.999998 sw=0
[64/328] OK bedding/2024_05_07_F1_F3/C7_cams2 idf1=1.0 acc=1.0 sw=0
[65/328] OK bedding/2024_05_05_F5_F3/C7b_cams5_sigma10 idf1=0.999833 acc=0.999833 sw=12
[66/328] OK bedding/2024_05_07_F1_F3/C7b_cams2_sigma10 idf1=0.999989 acc=0.999989 sw=2
[67/328] OK bedding/2024_05_07_F1_F3/C7_cams3 idf1=1.0 acc=1.0 sw=0
[68/328] OK bedding/2024_05_07_F1_F3/C7b_cams3_sigma10 idf1=1.0 acc=1.0 sw=0
[69/328] OK bedding/2024_05_07_F1_F3/C7_cams4 idf1=1.0 acc=1.0 sw=0
[70/328] OK bedding/2024_05_07_F5_F3/C7_cams2 idf1=1.0 acc=1.0 sw=0
[71/328] OK bedding/2024_05_07_F1_F3/C7b_cams4_sigma10 idf1=0.999997 acc=0.999997 sw=0
[72/328] OK bedding/2024_05_07_F5_F3/C7b_cams2_sigma10 idf1=0.850322 acc=0.850322 sw=14
[73/328] OK bedding/2024_05_07_F1_F3/C7_cams5 idf1=1.0 acc=1.0 sw=0
[74/328] OK bedding/2024_05_07_F1_F3/C7b_cams5_sigma10 idf1=0.999998 acc=0.999998 sw=0
[75/328] OK bedding/2024_05_07_F5_F3/C7_cams3 idf1=1.0 acc=1.0 sw=0
[76/328] OK bedding/2024_05_07_F5_F3/C7b_cams3_sigma10 idf1=0.847996 acc=0.847996 sw=18
[77/328] OK bedding/2024_05_07_F5_F3/C7_cams4 idf1=1.0 acc=1.0 sw=0
[78/328] OK bedding/2024_05_07_F5_F3/C7b_cams4_sigma10 idf1=0.999906 acc=0.999906 sw=6
[79/328] OK bedding/2024_05_07_F6_F2/C7_cams2 idf1=0.969744 acc=0.969744 sw=2
[80/328] OK bedding/2024_05_07_F6_F2/C7b_cams2_sigma10 idf1=0.649867 acc=0.649867 sw=4
[81/328] OK bedding/2024_05_07_F5_F3/C7_cams5 idf1=1.0 acc=1.0 sw=0
[82/328] OK bedding/2024_05_07_F5_F3/C7b_cams5_sigma10 idf1=0.847927 acc=0.847927 sw=2
[83/328] OK bedding/2024_05_07_F6_F2/C7_cams3 idf1=0.969744 acc=0.969744 sw=2
[84/328] OK bedding/2024_05_07_F6_F2/C7b_cams3_sigma10 idf1=0.733526 acc=0.733526 sw=6
[85/328] OK bedding/2024_05_07_F6_F2/C7_cams4 idf1=0.969697 acc=0.969697 sw=2
[86/328] OK bedding/2024_05_07_F6_F2/C7b_cams4_sigma10 idf1=0.9697 acc=0.9697 sw=2
[87/328] OK bedding/2024_05_07_F6_F3/C7_cams2 idf1=1.0 acc=1.0 sw=0
[88/328] OK bedding/2024_05_07_F6_F3/C7b_cams2_sigma10 idf1=0.999556 acc=0.999556 sw=2
[89/328] OK bedding/2024_05_07_F6_F2/C7_cams5 idf1=0.886082 acc=0.886082 sw=4
[90/328] OK bedding/2024_05_07_F6_F2/C7b_cams5_sigma10 idf1=0.96974 acc=0.96974 sw=2
[91/328] OK bedding/2024_05_07_F6_F3/C7_cams3 idf1=1.0 acc=1.0 sw=0
[92/328] OK bedding/2024_05_07_F6_F3/C7b_cams3_sigma10 idf1=1.0 acc=1.0 sw=0
[93/328] OK bedding/2024_05_07_F6_F3/C7_cams4 idf1=1.0 acc=1.0 sw=0
[94/328] OK soc1/2022_09_22_M3_M4/C7_cams2 idf1=1.0 acc=1.0 sw=0
[95/328] OK soc1/2022_09_22_M3_M4/C7b_cams2_sigma10 idf1=0.584635 acc=0.584635 sw=10
[96/328] OK bedding/2024_05_07_F6_F3/C7b_cams4_sigma10 idf1=1.0 acc=1.0 sw=0
[97/328] OK bedding/2024_05_07_F6_F3/C7b_cams5_sigma10 idf1=0.999998 acc=0.999998 sw=0
[98/328] OK bedding/2024_05_07_F6_F3/C7_cams5 idf1=1.0 acc=1.0 sw=0
[99/328] OK soc1/2022_09_22_M3_M4/C7_cams3 idf1=1.0 acc=1.0 sw=0
[100/328] OK soc1/2022_09_22_M3_M4/C7b_cams3_sigma10 idf1=0.584633 acc=0.584633 sw=2
[101/328] OK soc1/2022_09_22_M3_M4/C7_cams4 idf1=1.0 acc=1.0 sw=0
[102/328] OK soc1/2022_09_22_M5_M6/C7_cams2 idf1=1.0 acc=1.0 sw=0
[103/328] OK soc1/2022_09_22_M5_M6/C7b_cams2_sigma10 idf1=0.70864 acc=0.70864 sw=8
[104/328] OK soc1/2022_09_22_M3_M4/C7b_cams4_sigma10 idf1=0.58466 acc=0.58466 sw=6
[105/328] OK soc1/2022_09_22_M3_M4/C7_cams5 idf1=1.0 acc=1.0 sw=0
[106/328] OK soc1/2022_09_22_M3_M4/C7b_cams5_sigma10 idf1=0.584593 acc=0.584593 sw=6
[107/328] OK soc1/2022_09_22_M5_M6/C7_cams3 idf1=1.0 acc=1.0 sw=0
[108/328] OK soc1/2022_09_22_M5_M6/C7b_cams3_sigma10 idf1=0.56533 acc=0.56533 sw=2
[109/328] OK soc1/2022_09_22_M5_M6/C7_cams4 idf1=1.0 acc=1.0 sw=0
[110/328] OK soc1/2022_09_22_M5_M6/C7b_cams4_sigma10 idf1=0.565362 acc=0.565362 sw=2
[111/328] OK soc1/2022_09_22_M5_M6/C7_cams5 idf1=1.0 acc=1.0 sw=0
[112/328] OK soc1/2022_09_23_M1_M6/C7_cams2 idf1=1.0 acc=1.0 sw=0
[113/328] OK soc1/2022_09_23_M1_M6/C7b_cams2_sigma10 idf1=0.99909 acc=0.99909 sw=2
[114/328] OK soc1/2022_09_22_M5_M6/C7b_cams5_sigma10 idf1=0.999991 acc=0.999991 sw=0
[115/328] OK soc1/2022_09_23_M1_M6/C7b_cams3_sigma10 idf1=0.999985 acc=0.999985 sw=0
[116/328] OK soc1/2022_09_23_M1_M6/C7_cams3 idf1=1.0 acc=1.0 sw=0
[117/328] OK soc1/2022_09_23_M1_M6/C7_cams4 idf1=1.0 acc=1.0 sw=0
[118/328] OK soc1/2022_09_23_M1_M6/C7b_cams4_sigma10 idf1=0.999994 acc=0.999994 sw=0
[119/328] OK soc1/2022_09_23_M3_M2/C7_cams2 idf1=1.0 acc=1.0 sw=0
[120/328] OK soc1/2022_09_23_M3_M2/C7b_cams2_sigma10 idf1=0.875758 acc=0.875758 sw=24
[121/328] OK soc1/2022_09_23_M1_M6/C7_cams5 idf1=1.0 acc=1.0 sw=0
[122/328] OK soc1/2022_09_23_M1_M6/C7b_cams5_sigma10 idf1=0.999996 acc=0.999996 sw=0
[123/328] OK soc1/2022_09_23_M3_M2/C7_cams3 idf1=0.875959 acc=0.875959 sw=2
[124/328] OK soc1/2022_09_23_M3_M2/C7b_cams3_sigma10 idf1=0.875667 acc=0.875667 sw=14
[125/328] OK soc1/2022_09_23_M3_M2/C7_cams4 idf1=0.875958 acc=0.875958 sw=2
[126/328] OK soc1/2022_09_23_M3_M2/C7b_cams4_sigma10 idf1=0.875688 acc=0.875688 sw=18
[127/328] OK soc1/2022_09_23_M5_M4/C7_cams2 idf1=0.999708 acc=0.999708 sw=4
[128/328] OK soc1/2022_09_23_M5_M4/C7b_cams2_sigma10 idf1=0.999708 acc=0.999708 sw=4
[129/328] OK soc1/2022_09_23_M3_M2/C7_cams5 idf1=0.875962 acc=0.875962 sw=2
[130/328] OK soc1/2022_09_23_M3_M2/C7b_cams5_sigma10 idf1=0.999816 acc=0.999816 sw=24
[131/328] OK soc1/2022_09_23_M5_M4/C7_cams3 idf1=0.999712 acc=0.999712 sw=4
[132/328] OK soc1/2022_09_23_M5_M4/C7b_cams3_sigma10 idf1=0.999708 acc=0.999708 sw=4
[133/328] OK soc1/2022_09_23_M5_M4/C7_cams4 idf1=0.999719 acc=0.999719 sw=4
[134/328] OK soc1/2022_09_23_M5_M4/C7b_cams4_sigma10 idf1=0.999716 acc=0.999716 sw=4
[135/328] OK soc1/2022_09_24_M2_M4/C7_cams2 idf1=1.0 acc=1.0 sw=0
[136/328] OK soc1/2022_09_24_M2_M4/C7b_cams2_sigma10 idf1=0.997404 acc=0.997404 sw=8
[137/328] OK soc1/2022_09_23_M5_M4/C7_cams5 idf1=0.999715 acc=0.999715 sw=4
[138/328] OK soc1/2022_09_23_M5_M4/C7b_cams5_sigma10 idf1=0.999712 acc=0.999712 sw=4
[139/328] OK soc1/2022_09_24_M2_M4/C7_cams3 idf1=1.0 acc=1.0 sw=0
[140/328] OK soc1/2022_09_24_M2_M4/C7b_cams3_sigma10 idf1=0.944929 acc=0.944929 sw=2
[141/328] OK soc1/2022_09_24_M2_M4/C7_cams4 idf1=1.0 acc=1.0 sw=0
[142/328] OK soc1/2022_09_24_M2_M4/C7b_cams4_sigma10 idf1=1.0 acc=1.0 sw=0
[143/328] OK soc1/2022_09_24_M3_M6/C7_cams2 idf1=1.0 acc=1.0 sw=0
[144/328] OK soc1/2022_09_24_M3_M6/C7b_cams2_sigma10 idf1=1.0 acc=1.0 sw=0
[145/328] OK soc1/2022_09_24_M2_M4/C7_cams5 idf1=1.0 acc=1.0 sw=0
[146/328] OK soc1/2022_09_24_M2_M4/C7b_cams5_sigma10 idf1=0.999991 acc=0.999991 sw=0
[147/328] OK soc1/2022_09_24_M3_M6/C7_cams3 idf1=1.0 acc=1.0 sw=0
[148/328] OK soc1/2022_09_24_M3_M6/C7b_cams3_sigma10 idf1=1.0 acc=1.0 sw=0
[149/328] OK soc1/2022_09_24_M3_M6/C7_cams4 idf1=1.0 acc=1.0 sw=0
[150/328] OK soc1/2022_09_24_M3_M6/C7b_cams4_sigma10 idf1=1.0 acc=1.0 sw=0
[151/328] OK soc1/2022_09_24_M5_M1/C7_cams2 idf1=1.0 acc=1.0 sw=0
[152/328] OK soc1/2022_09_24_M5_M1/C7b_cams2_sigma10 idf1=1.0 acc=1.0 sw=0
[153/328] OK soc1/2022_09_24_M3_M6/C7_cams5 idf1=1.0 acc=1.0 sw=0
[154/328] OK soc1/2022_09_24_M3_M6/C7b_cams5_sigma10 idf1=1.0 acc=1.0 sw=0
[155/328] OK soc1/2022_09_24_M5_M1/C7_cams3 idf1=1.0 acc=1.0 sw=0
[156/328] OK soc1/2022_09_24_M5_M1/C7b_cams3_sigma10 idf1=1.0 acc=1.0 sw=0
[157/328] OK soc1/2022_09_24_M5_M1/C7_cams4 idf1=1.0 acc=1.0 sw=0
[158/328] OK soc1/2022_09_24_M5_M1/C7b_cams4_sigma10 idf1=1.0 acc=1.0 sw=0
[159/328] OK soc1/2022_09_25_M1_M4/C7_cams2 idf1=1.0 acc=1.0 sw=0
[160/328] OK soc1/2022_09_24_M5_M1/C7_cams5 idf1=1.0 acc=1.0 sw=0
[161/328] OK soc1/2022_09_25_M1_M4/C7b_cams2_sigma10 idf1=1.0 acc=1.0 sw=0
[162/328] OK soc1/2022_09_24_M5_M1/C7b_cams5_sigma10 idf1=1.0 acc=1.0 sw=0
[163/328] OK soc1/2022_09_25_M1_M4/C7b_cams3_sigma10 idf1=1.0 acc=1.0 sw=0
[164/328] OK soc1/2022_09_25_M1_M4/C7_cams3 idf1=1.0 acc=1.0 sw=0
[165/328] OK soc1/2022_09_25_M1_M4/C7_cams4 idf1=1.0 acc=1.0 sw=0
[166/328] OK soc1/2022_09_25_M1_M4/C7b_cams4_sigma10 idf1=1.0 acc=1.0 sw=0
[167/328] OK soc1/2022_09_25_M5_M3/C7_cams2 idf1=0.999994 acc=0.999994 sw=2
[168/328] OK soc1/2022_09_25_M5_M3/C7b_cams2_sigma10 idf1=0.530753 acc=0.530753 sw=76
[169/328] OK soc1/2022_09_25_M1_M4/C7_cams5 idf1=1.0 acc=1.0 sw=0
[170/328] OK soc1/2022_09_25_M1_M4/C7b_cams5_sigma10 idf1=1.0 acc=1.0 sw=0
[171/328] OK soc1/2022_09_25_M5_M3/C7_cams3 idf1=1.0 acc=1.0 sw=0
[172/328] OK soc1/2022_09_25_M5_M3/C7b_cams3_sigma10 idf1=0.825682 acc=0.825682 sw=68
[173/328] OK soc1/2022_09_25_M5_M3/C7_cams4 idf1=1.0 acc=1.0 sw=0
[174/328] OK soc1/2022_09_25_M5_M3/C7b_cams4_sigma10 idf1=0.748379 acc=0.748379 sw=50
[175/328] OK soc1/2022_09_25_M6_M2/C7_cams2 idf1=1.0 acc=1.0 sw=0
[176/328] OK soc1/2022_09_25_M6_M2/C7b_cams2_sigma10 idf1=1.0 acc=1.0 sw=0
[177/328] OK soc1/2022_09_25_M5_M3/C7_cams5 idf1=0.999998 acc=0.999998 sw=0
[178/328] OK soc1/2022_09_25_M5_M3/C7b_cams5_sigma10 idf1=0.999254 acc=0.999254 sw=44
[179/328] OK soc1/2022_09_25_M6_M2/C7_cams3 idf1=1.0 acc=1.0 sw=0
[180/328] OK soc1/2022_09_25_M6_M2/C7b_cams3_sigma10 idf1=1.0 acc=1.0 sw=0
[181/328] OK soc1/2022_09_25_M6_M2/C7_cams4 idf1=1.0 acc=1.0 sw=0
[182/328] OK soc1/2022_09_26_M1_M3/C7_cams2 idf1=1.0 acc=1.0 sw=0
[183/328] OK soc1/2022_09_25_M6_M2/C7b_cams4_sigma10 idf1=1.0 acc=1.0 sw=0
[184/328] OK soc1/2022_09_25_M6_M2/C7_cams5 idf1=1.0 acc=1.0 sw=0
[185/328] OK soc1/2022_09_26_M1_M3/C7b_cams2_sigma10 idf1=1.0 acc=1.0 sw=0
[186/328] OK soc1/2022_09_25_M6_M2/C7b_cams5_sigma10 idf1=1.0 acc=1.0 sw=0
[187/328] OK soc1/2022_09_26_M1_M3/C7_cams3 idf1=1.0 acc=1.0 sw=0
[188/328] OK soc1/2022_09_26_M1_M3/C7b_cams3_sigma10 idf1=1.0 acc=1.0 sw=0
[189/328] OK soc1/2022_09_26_M5_M2/C7_cams2 idf1=1.0 acc=1.0 sw=0
[190/328] OK soc1/2022_09_26_M1_M3/C7_cams4 idf1=1.0 acc=1.0 sw=0
[191/328] OK soc1/2022_09_26_M1_M3/C7b_cams4_sigma10 idf1=1.0 acc=1.0 sw=0
[192/328] OK soc1/2022_09_26_M5_M2/C7b_cams2_sigma10 idf1=0.999747 acc=0.999747 sw=32
[193/328] OK soc1/2022_09_26_M1_M3/C7_cams5 idf1=1.0 acc=1.0 sw=0
[194/328] OK soc1/2022_09_26_M1_M3/C7b_cams5_sigma10 idf1=1.0 acc=1.0 sw=0
[195/328] OK soc1/2022_09_26_M5_M2/C7_cams3 idf1=0.999989 acc=0.999989 sw=0
[196/328] OK soc1/2022_09_26_M5_M2/C7b_cams3_sigma10 idf1=0.58888 acc=0.58888 sw=32
[197/328] OK soc1/2022_09_26_M5_M2/C7_cams4 idf1=0.779006 acc=0.779006 sw=2
[198/328] OK soc1/2022_09_26_M5_M2/C7b_cams4_sigma10 idf1=0.778559 acc=0.778559 sw=22
[199/328] OK soc1/2022_09_26_M6_M4/C7_cams2 idf1=1.0 acc=1.0 sw=0
[200/328] OK soc1/2022_09_26_M6_M4/C7b_cams2_sigma10 idf1=0.999966 acc=0.999966 sw=2
[201/328] OK soc1/2022_09_26_M5_M2/C7_cams5 idf1=0.779013 acc=0.779013 sw=2
[202/328] OK soc1/2022_09_26_M6_M4/C7_cams3 idf1=1.0 acc=1.0 sw=0
[203/328] OK soc1/2022_09_26_M5_M2/C7b_cams5_sigma10 idf1=0.5886 acc=0.5886 sw=12
[204/328] OK soc1/2022_09_26_M6_M4/C7b_cams3_sigma10 idf1=0.999996 acc=0.999996 sw=0
[205/328] OK soc1/2022_09_26_M6_M4/C7_cams4 idf1=1.0 acc=1.0 sw=0
[206/328] OK soc1/2022_09_26_M6_M4/C7b_cams4_sigma10 idf1=1.0 acc=1.0 sw=0
[207/328] OK soc3/2022_10_04_M1_M2/C7_cams2 idf1=1.0 acc=1.0 sw=0
[208/328] OK soc3/2022_10_04_M1_M2/C7b_cams2_sigma10 idf1=1.0 acc=1.0 sw=0
[209/328] OK soc1/2022_09_26_M6_M4/C7_cams5 idf1=1.0 acc=1.0 sw=0
[210/328] OK soc1/2022_09_26_M6_M4/C7b_cams5_sigma10 idf1=0.999996 acc=0.999996 sw=0
[211/328] OK soc3/2022_10_04_M1_M2/C7b_cams3_sigma10 idf1=1.0 acc=1.0 sw=0
[212/328] OK soc3/2022_10_04_M1_M2/C7_cams3 idf1=1.0 acc=1.0 sw=0
[213/328] OK soc3/2022_10_04_M3_M4/C7_cams2 idf1=0.701438 acc=0.701438 sw=8
[214/328] OK soc3/2022_10_04_M1_M2/C7b_cams4_sigma10 idf1=1.0 acc=1.0 sw=0
[215/328] OK soc3/2022_10_04_M1_M2/C7_cams4 idf1=1.0 acc=1.0 sw=0
[216/328] OK soc3/2022_10_04_M1_M2/C7_cams5 idf1=1.0 acc=1.0 sw=0
[217/328] OK soc3/2022_10_04_M3_M4/C7b_cams2_sigma10 idf1=0.915326 acc=0.915326 sw=44
[218/328] OK soc3/2022_10_04_M1_M2/C7b_cams5_sigma10 idf1=1.0 acc=1.0 sw=0
[219/328] OK soc3/2022_10_04_M3_M4/C7_cams3 idf1=0.999592 acc=0.999592 sw=8
[220/328] OK soc3/2022_10_04_M3_M4/C7b_cams3_sigma10 idf1=0.951161 acc=0.951161 sw=48
[221/328] OK soc3/2022_10_04_M3_M4/C7_cams4 idf1=0.972416 acc=0.972416 sw=2
[222/328] OK soc3/2022_10_04_M3_M4/C7b_cams4_sigma10 idf1=0.999455 acc=0.999455 sw=50
[223/328] OK soc3/2022_10_04_M5_M6/C7b_cams2_sigma10 idf1=0.997815 acc=0.997815 sw=2
[224/328] OK soc3/2022_10_04_M5_M6/C7_cams2 idf1=1.0 acc=1.0 sw=0
[225/328] OK soc3/2022_10_04_M3_M4/C7_cams5 idf1=0.999816 acc=0.999816 sw=4
[226/328] OK soc3/2022_10_04_M3_M4/C7b_cams5_sigma10 idf1=0.99947 acc=0.99947 sw=32
[227/328] OK soc3/2022_10_04_M5_M6/C7_cams3 idf1=1.0 acc=1.0 sw=0
[228/328] OK soc3/2022_10_04_M5_M6/C7b_cams3_sigma10 idf1=0.999996 acc=0.999996 sw=0
[229/328] OK soc3/2022_10_04_M5_M6/C7_cams4 idf1=1.0 acc=1.0 sw=0
[230/328] OK soc3/2022_10_05_M1_M6/C7_cams2 idf1=1.0 acc=1.0 sw=0
[231/328] OK soc3/2022_10_04_M5_M6/C7b_cams4_sigma10 idf1=1.0 acc=1.0 sw=0
[232/328] OK soc3/2022_10_05_M1_M6/C7b_cams2_sigma10 idf1=0.999354 acc=0.999354 sw=2
[233/328] OK soc3/2022_10_04_M5_M6/C7_cams5 idf1=1.0 acc=1.0 sw=0
[234/328] OK soc3/2022_10_04_M5_M6/C7b_cams5_sigma10 idf1=0.999998 acc=0.999998 sw=0
[235/328] OK soc3/2022_10_05_M1_M6/C7b_cams3_sigma10 idf1=1.0 acc=1.0 sw=0
[236/328] OK soc3/2022_10_05_M1_M6/C7_cams3 idf1=1.0 acc=1.0 sw=0
[237/328] OK soc3/2022_10_05_M1_M6/C7_cams4 idf1=1.0 acc=1.0 sw=0
[238/328] OK soc3/2022_10_05_M3_M2/C7_cams2 idf1=1.0 acc=1.0 sw=0
[239/328] OK soc3/2022_10_05_M1_M6/C7b_cams4_sigma10 idf1=1.0 acc=1.0 sw=0
[240/328] OK soc3/2022_10_05_M3_M2/C7b_cams2_sigma10 idf1=1.0 acc=1.0 sw=0
[241/328] OK soc3/2022_10_05_M1_M6/C7_cams5 idf1=1.0 acc=1.0 sw=0
[242/328] OK soc3/2022_10_05_M1_M6/C7b_cams5_sigma10 idf1=1.0 acc=1.0 sw=0
[243/328] OK soc3/2022_10_05_M3_M2/C7_cams3 idf1=1.0 acc=1.0 sw=0
[244/328] OK soc3/2022_10_05_M3_M2/C7b_cams3_sigma10 idf1=1.0 acc=1.0 sw=0
[245/328] OK soc3/2022_10_05_M3_M2/C7b_cams4_sigma10 idf1=1.0 acc=1.0 sw=0
[246/328] OK soc3/2022_10_05_M3_M2/C7_cams4 idf1=1.0 acc=1.0 sw=0
[247/328] OK soc3/2022_10_05_M5_M4/C7_cams2 idf1=1.0 acc=1.0 sw=0
[248/328] OK soc3/2022_10_05_M5_M4/C7b_cams2_sigma10 idf1=0.893596 acc=0.893596 sw=12
[249/328] OK soc3/2022_10_05_M5_M4/C7_cams3 idf1=0.999629 acc=0.999629 sw=0
[250/328] OK soc3/2022_10_05_M3_M2/C7_cams5 idf1=1.0 acc=1.0 sw=0
[251/328] OK soc3/2022_10_05_M3_M2/C7b_cams5_sigma10 idf1=1.0 acc=1.0 sw=0
[252/328] OK soc3/2022_10_05_M5_M4/C7b_cams3_sigma10 idf1=0.999839 acc=0.999839 sw=12
[253/328] OK soc3/2022_10_05_M5_M4/C7_cams4 idf1=1.0 acc=1.0 sw=0
[254/328] OK soc3/2022_10_06_M2_M4/C7_cams2 idf1=0.888618 acc=0.888618 sw=4
[255/328] OK soc3/2022_10_05_M5_M4/C7b_cams4_sigma10 idf1=0.998014 acc=0.998014 sw=6
[256/328] OK soc3/2022_10_06_M2_M4/C7b_cams2_sigma10 idf1=0.964989 acc=0.964989 sw=32
[257/328] OK soc3/2022_10_05_M5_M4/C7_cams5 idf1=0.999998 acc=0.999998 sw=0
[258/328] OK soc3/2022_10_06_M2_M4/C7b_cams3_sigma10 idf1=0.888599 acc=0.888599 sw=34
[259/328] OK soc3/2022_10_06_M2_M4/C7_cams3 idf1=0.888659 acc=0.888659 sw=2
[260/328] OK soc3/2022_10_05_M5_M4/C7b_cams5_sigma10 idf1=0.998319 acc=0.998319 sw=4
[261/328] OK soc3/2022_10_06_M2_M4/C7_cams4 idf1=0.888629 acc=0.888629 sw=2
[262/328] OK soc3/2022_10_06_M3_M6/C7_cams2 idf1=0.995618 acc=0.995618 sw=64
[263/328] OK soc3/2022_10_06_M2_M4/C7b_cams4_sigma10 idf1=0.888565 acc=0.888565 sw=38
[264/328] OK soc3/2022_10_06_M3_M6/C7b_cams2_sigma10 idf1=0.972584 acc=0.972584 sw=252
[265/328] OK soc3/2022_10_06_M2_M4/C7_cams5 idf1=0.999987 acc=0.999987 sw=0
[266/328] OK soc3/2022_10_06_M2_M4/C7b_cams5_sigma10 idf1=0.888629 acc=0.888629 sw=34
[267/328] OK soc3/2022_10_06_M3_M6/C7_cams3 idf1=0.501176 acc=0.501176 sw=58
[268/328] OK soc3/2022_10_06_M3_M6/C7b_cams3_sigma10 idf1=0.92473 acc=0.92473 sw=316
[269/328] OK soc3/2022_10_06_M3_M6/C7_cams4 idf1=0.500604 acc=0.500604 sw=42
[270/328] OK soc3/2022_10_06_M3_M6/C7b_cams4_sigma10 idf1=0.945846 acc=0.945846 sw=274
[271/328] OK soc3/2022_10_06_M5_M1/C7_cams2 idf1=1.0 acc=1.0 sw=0
[272/328] OK soc3/2022_10_06_M5_M1/C7b_cams2_sigma10 idf1=0.867174 acc=0.867174 sw=20
[273/328] OK soc3/2022_10_06_M3_M6/C7b_cams5_sigma10 idf1=0.994989 acc=0.994989 sw=284
[274/328] OK soc3/2022_10_06_M3_M6/C7_cams5 idf1=0.502074 acc=0.502074 sw=22
[275/328] OK soc3/2022_10_06_M5_M1/C7_cams3 idf1=1.0 acc=1.0 sw=0
[276/328] OK soc3/2022_10_06_M5_M1/C7b_cams3_sigma10 idf1=0.867127 acc=0.867127 sw=46
[277/328] OK soc3/2022_10_06_M5_M1/C7b_cams4_sigma10 idf1=0.999781 acc=0.999781 sw=20
[278/328] OK soc3/2022_10_06_M5_M1/C7_cams4 idf1=1.0 acc=1.0 sw=0
[279/328] OK soc3/2022_10_07_M1_M4/C7_cams2 idf1=1.0 acc=1.0 sw=0
[280/328] OK soc3/2022_10_07_M1_M4/C7b_cams2_sigma10 idf1=0.981146 acc=0.981146 sw=2
[281/328] OK soc3/2022_10_06_M5_M1/C7_cams5 idf1=1.0 acc=1.0 sw=0
[282/328] OK soc3/2022_10_06_M5_M1/C7b_cams5_sigma10 idf1=0.867231 acc=0.867231 sw=22
[283/328] OK soc3/2022_10_07_M1_M4/C7_cams3 idf1=1.0 acc=1.0 sw=0
[284/328] OK soc3/2022_10_07_M1_M4/C7b_cams3_sigma10 idf1=1.0 acc=1.0 sw=0
[285/328] OK soc3/2022_10_07_M1_M4/C7_cams4 idf1=1.0 acc=1.0 sw=0
[286/328] OK soc3/2022_10_07_M1_M4/C7b_cams4_sigma10 idf1=1.0 acc=1.0 sw=0
[287/328] OK soc3/2022_10_07_M5_M3/C7_cams2 idf1=1.0 acc=1.0 sw=0
[288/328] OK soc3/2022_10_07_M5_M3/C7b_cams2_sigma10 idf1=0.641663 acc=0.641663 sw=2
[289/328] OK soc3/2022_10_07_M1_M4/C7_cams5 idf1=1.0 acc=1.0 sw=0
[290/328] OK soc3/2022_10_07_M5_M3/C7_cams3 idf1=1.0 acc=1.0 sw=0
[291/328] OK soc3/2022_10_07_M1_M4/C7b_cams5_sigma10 idf1=1.0 acc=1.0 sw=0
[292/328] OK soc3/2022_10_07_M5_M3/C7b_cams3_sigma10 idf1=1.0 acc=1.0 sw=0
[293/328] OK soc3/2022_10_07_M5_M3/C7_cams4 idf1=1.0 acc=1.0 sw=0
[294/328] OK soc3/2022_10_07_M5_M3/C7b_cams4_sigma10 idf1=0.999989 acc=0.999989 sw=2
[295/328] OK soc3/2022_10_07_M6_M2/C7_cams2 idf1=0.732618 acc=0.732618 sw=2
[296/328] OK soc3/2022_10_07_M6_M2/C7b_cams2_sigma10 idf1=0.921483 acc=0.921483 sw=20
[297/328] OK soc3/2022_10_07_M5_M3/C7_cams5 idf1=1.0 acc=1.0 sw=0
[298/328] OK soc3/2022_10_07_M5_M3/C7b_cams5_sigma10 idf1=0.999998 acc=0.999998 sw=0
[299/328] OK soc3/2022_10_07_M6_M2/C7_cams3 idf1=1.0 acc=1.0 sw=0
[300/328] OK soc3/2022_10_07_M6_M2/C7b_cams3_sigma10 idf1=0.73097 acc=0.73097 sw=22
[301/328] OK soc3/2022_10_07_M6_M2/C7_cams4 idf1=0.999992 acc=0.999992 sw=2
[302/328] OK soc3/2022_10_08_M1_M3/C7_cams2 idf1=1.0 acc=1.0 sw=0
[303/328] OK soc3/2022_10_07_M6_M2/C7b_cams4_sigma10 idf1=0.732663 acc=0.732663 sw=10
[304/328] OK soc3/2022_10_08_M1_M3/C7b_cams2_sigma10 idf1=0.999449 acc=0.999449 sw=2
[305/328] OK soc3/2022_10_07_M6_M2/C7_cams5 idf1=1.0 acc=1.0 sw=0
[306/328] OK soc3/2022_10_07_M6_M2/C7b_cams5_sigma10 idf1=0.73267 acc=0.73267 sw=10
[307/328] OK soc3/2022_10_08_M1_M3/C7b_cams3_sigma10 idf1=1.0 acc=1.0 sw=0
[308/328] OK soc3/2022_10_08_M1_M3/C7_cams3 idf1=1.0 acc=1.0 sw=0
[309/328] OK soc3/2022_10_08_M5_M2/C7_cams2 idf1=1.0 acc=1.0 sw=0
[310/328] OK soc3/2022_10_08_M1_M3/C7b_cams4_sigma10 idf1=1.0 acc=1.0 sw=0
[311/328] OK soc3/2022_10_08_M1_M3/C7_cams4 idf1=1.0 acc=1.0 sw=0
[312/328] OK soc3/2022_10_08_M1_M3/C7_cams5 idf1=1.0 acc=1.0 sw=0
[313/328] OK soc3/2022_10_08_M5_M2/C7b_cams2_sigma10 idf1=0.999944 acc=0.999944 sw=6
[314/328] OK soc3/2022_10_08_M1_M3/C7b_cams5_sigma10 idf1=1.0 acc=1.0 sw=0
[315/328] OK soc3/2022_10_08_M5_M2/C7_cams3 idf1=1.0 acc=1.0 sw=0
[316/328] OK soc3/2022_10_08_M5_M2/C7b_cams3_sigma10 idf1=0.998551 acc=0.998551 sw=8
[317/328] OK soc3/2022_10_08_M5_M2/C7_cams4 idf1=1.0 acc=1.0 sw=0
[318/328] OK soc3/2022_10_08_M5_M2/C7b_cams4_sigma10 idf1=0.999986 acc=0.999986 sw=0
[319/328] OK soc3/2022_10_08_M6_M4/C7_cams2 idf1=0.976365 acc=0.976365 sw=18
[320/328] OK soc3/2022_10_08_M6_M4/C7b_cams2_sigma10 idf1=0.996567 acc=0.996567 sw=82
[321/328] OK soc3/2022_10_08_M5_M2/C7_cams5 idf1=1.0 acc=1.0 sw=0
[322/328] OK soc3/2022_10_08_M5_M2/C7b_cams5_sigma10 idf1=0.668094 acc=0.668094 sw=2
[323/328] OK soc3/2022_10_08_M6_M4/C7_cams3 idf1=0.976494 acc=0.976494 sw=18
[324/328] OK soc3/2022_10_08_M6_M4/C7b_cams3_sigma10 idf1=0.999303 acc=0.999303 sw=56
[325/328] OK soc3/2022_10_08_M6_M4/C7_cams4 idf1=0.976402 acc=0.976402 sw=16
[326/328] OK soc3/2022_10_08_M6_M4/C7b_cams4_sigma10 idf1=0.999098 acc=0.999098 sw=48
[327/328] OK soc3/2022_10_08_M6_M4/C7_cams5 idf1=0.999899 acc=0.999899 sw=16
[328/328] OK soc3/2022_10_08_M6_M4/C7b_cams5_sigma10 idf1=0.974108 acc=0.974108 sw=54
