369 cells, 12 workers
[1/369] OK triads/2023_03_01_M15_M16_M14/C7d_cams2_drop25 idf1=0.857687 acc=0.999488 sw=71
[2/369] OK triads/2023_03_01_M12_M13_M14/C7d_cams2_drop25 idf1=0.679983 acc=0.793119 sw=46
[3/369] OK triads/2023_03_01_M12_M13_M14/C7c_cams2_sigma0 idf1=0.7922 acc=0.7922 sw=2
[4/369] OK triads/2023_03_01_M15_M16_M14/C7c_cams2_sigma0 idf1=1.0 acc=1.0 sw=0
[5/369] OK triads/2023_03_01_M12_M13_M14/C7d_cams3_drop25 idf1=0.768133 acc=0.793677 sw=213
[6/369] OK triads/2023_03_01_M12_M13_M14/C7d_cams4_drop25 idf1=0.991477 acc=0.999405 sw=87
[7/369] OK triads/2023_03_01_M15_M16_M14/C7c_cams3_sigma0 idf1=1.0 acc=1.0 sw=0
[8/369] OK triads/2023_03_01_M12_M13_M14/C7c_cams3_sigma0 idf1=0.792204 acc=0.792204 sw=2
[9/369] OK triads/2023_03_01_M12_M13_M14/C7d_cams5_drop25 idf1=0.997841 acc=0.999818 sw=16
[10/369] OK triads/2023_03_01_M12_M13_M14/C7c_cams4_sigma0 idf1=0.7922 acc=0.7922 sw=2
[11/369] OK triads/2023_03_01_M12_M13_M14/C7d_cams6_drop25 idf1=0.998942 acc=0.999413 sw=8
[12/369] OK triads/2023_03_01_M12_M13_M14/C7c_cams5_sigma0 idf1=0.792202 acc=0.792202 sw=2
[13/369] OK triads/2023_03_01_M15_M16_M14/C7d_cams3_drop25 idf1=0.96793 acc=0.999997 sw=2
[14/369] OK triads/2023_03_01_M1_M2_M3/C7d_cams2_drop25 idf1=0.67987 acc=0.793029 sw=322
[15/369] OK triads/2023_03_01_M1_M2_M3/C7c_cams2_sigma0 idf1=1.0 acc=1.0 sw=0
[16/369] OK triads/2023_03_01_M15_M16_M14/C7d_cams4_drop25 idf1=0.992002 acc=0.999942 sw=6
[17/369] OK triads/2023_03_01_M15_M16_M14/C7c_cams4_sigma0 idf1=1.0 acc=1.0 sw=0
[18/369] OK triads/2023_03_01_M15_M16_M14/C7d_cams5_drop25 idf1=0.998121 acc=0.99999 sw=0
[19/369] OK triads/2023_03_01_M1_M2_M3/C7d_cams3_drop25 idf1=0.967541 acc=0.999958 sw=5
[20/369] OK triads/2023_03_01_M15_M16_M14/C7c_cams5_sigma0 idf1=1.0 acc=1.0 sw=0
[21/369] OK triads/2023_03_01_M1_M2_M3/C7c_cams3_sigma0 idf1=1.0 acc=1.0 sw=0
[22/369] OK triads/2023_03_01_M15_M16_M14/C7d_cams6_drop25 idf1=0.999511 acc=0.99999 sw=1
[23/369] OK triads/2023_03_01_M1_M2_M3/C7d_cams4_drop25 idf1=0.854912 acc=0.86152 sw=8
[24/369] OK triads/2023_03_01_M1_M2_M3/C7c_cams4_sigma0 idf1=1.0 acc=1.0 sw=0
[25/369] OK triads/2023_03_01_M4_M5_M6/C7d_cams2_drop25 idf1=0.857501 acc=1.0 sw=0
[26/369] OK triads/2023_03_01_M4_M5_M6/C7c_cams2_sigma0 idf1=1.0 acc=1.0 sw=0
[27/369] OK triads/2023_03_01_M1_M2_M3/C7d_cams5_drop25 idf1=0.998001 acc=0.999979 sw=3
[28/369] OK triads/2023_03_01_M1_M2_M3/C7c_cams5_sigma0 idf1=1.0 acc=1.0 sw=0
[29/369] OK triads/2023_03_01_M4_M5_M6/C7d_cams3_drop25 idf1=0.967992 acc=0.999992 sw=2
[30/369] OK triads/2023_03_01_M4_M5_M6/C7c_cams3_sigma0 idf1=1.0 acc=1.0 sw=0
[31/369] OK triads/2023_03_01_M1_M2_M3/C7d_cams6_drop25 idf1=0.86105 acc=0.861465 sw=6
[32/369] OK triads/2023_03_01_M4_M5_M6/C7d_cams4_drop25 idf1=0.992025 acc=0.999998 sw=1
[33/369] OK triads/2023_03_01_M4_M5_M6/C7c_cams4_sigma0 idf1=1.0 acc=1.0 sw=0
[34/369] OK triads/2023_03_01_M7_M8_M6/C7d_cams2_drop25 idf1=0.854847 acc=0.997969 sw=246
[35/369] OK triads/2023_03_01_M7_M8_M6/C7c_cams2_sigma0 idf1=1.0 acc=1.0 sw=0
[36/369] OK triads/2023_03_01_M4_M5_M6/C7d_cams5_drop25 idf1=0.998072 acc=0.999997 sw=0
[37/369] OK triads/2023_03_01_M4_M5_M6/C7c_cams5_sigma0 idf1=1.0 acc=1.0 sw=0
[38/369] OK triads/2023_03_01_M4_M5_M6/C7d_cams6_drop25 idf1=0.999529 acc=0.999999 sw=0
[39/369] OK triads/2023_03_01_M7_M8_M6/C7d_cams3_drop25 idf1=0.967376 acc=1.0 sw=0
[40/369] OK triads/2023_03_01_M7_M8_M6/C7c_cams3_sigma0 idf1=1.0 acc=1.0 sw=0
[41/369] OK triads/2023_03_15_M2_M3_M4/C7d_cams2_drop25 idf1=0.85743 acc=0.999995 sw=2
[42/369] OK triads/2023_03_01_M7_M8_M6/C7c_cams4_sigma0 idf1=1.0 acc=1.0 sw=0
[43/369] OK triads/2023_03_01_M7_M8_M6/C7d_cams4_drop25 idf1=0.992122 acc=0.999998 sw=0
[44/369] OK triads/2023_03_15_M2_M3_M4/C7c_cams2_sigma0 idf1=1.0 acc=1.0 sw=0
[45/369] OK triads/2023_03_01_M7_M8_M6/C7d_cams5_drop25 idf1=0.998032 acc=0.999997 sw=0
[46/369] OK triads/2023_03_01_M7_M8_M6/C7c_cams5_sigma0 idf1=1.0 acc=1.0 sw=0
[47/369] OK triads/2023_03_15_M2_M3_M4/C7d_cams3_drop25 idf1=0.964475 acc=0.996605 sw=172
[48/369] OK triads/2023_03_15_M2_M3_M4/C7c_cams3_sigma0 idf1=1.0 acc=1.0 sw=0
[49/369] OK triads/2023_03_01_M7_M8_M6/C7d_cams6_drop25 idf1=0.999482 acc=0.999999 sw=0
[50/369] OK triads/2023_03_15_M2_M3_M4/C7c_cams4_sigma0 idf1=1.0 acc=1.0 sw=0
[51/369] OK triads/2023_03_15_M2_M3_M4/C7d_cams4_drop25 idf1=0.992164 acc=0.999996 sw=0
[52/369] OK bedding/2024_05_05_F1_F2/C7c_cams2_sigma0 idf1=1.0 acc=1.0 sw=0
[53/369] OK bedding/2024_05_05_F1_F2/C7d_cams2_drop25 idf1=0.85326 acc=0.996153 sw=447
[54/369] OK triads/2023_03_15_M2_M3_M4/C7c_cams5_sigma0 idf1=1.0 acc=1.0 sw=0
[55/369] OK triads/2023_03_15_M2_M3_M4/C7d_cams5_drop25 idf1=0.942062 acc=0.943957 sw=4
[56/369] OK bedding/2024_05_05_F1_F2/C7d_cams3_drop25 idf1=0.804872 acc=0.831886 sw=44
[57/369] OK bedding/2024_05_05_F1_F2/C7c_cams3_sigma0 idf1=1.0 acc=1.0 sw=0
[58/369] OK triads/2023_03_15_M2_M3_M4/C7d_cams6_drop25 idf1=0.999501 acc=0.999998 sw=0
[59/369] OK bedding/2024_05_05_F1_F2/C7d_cams4_drop25 idf1=0.619563 acc=0.624388 sw=50
[60/369] OK bedding/2024_05_05_F1_F2/C7c_cams4_sigma0 idf1=1.0 acc=1.0 sw=0
[61/369] OK bedding/2024_05_05_F5_F3/C7d_cams2_drop25 idf1=0.855629 acc=0.99878 sw=153
[62/369] OK bedding/2024_05_05_F5_F3/C7c_cams2_sigma0 idf1=1.0 acc=1.0 sw=0
[63/369] OK bedding/2024_05_05_F1_F2/C7c_cams5_sigma0 idf1=1.0 acc=1.0 sw=0
[64/369] OK bedding/2024_05_05_F1_F2/C7d_cams5_drop25 idf1=0.734067 acc=0.735546 sw=12
[65/369] OK bedding/2024_05_05_F1_F2/C7d_cams6_drop25 idf1=0.58626 acc=0.586555 sw=22
[66/369] OK bedding/2024_05_05_F5_F3/C7d_cams3_drop25 idf1=0.846525 acc=0.874649 sw=15
[67/369] OK bedding/2024_05_05_F5_F3/C7c_cams3_sigma0 idf1=1.0 acc=1.0 sw=0
[68/369] OK bedding/2024_05_05_F5_F3/C7d_cams4_drop25 idf1=0.867916 acc=0.874821 sw=10
[69/369] OK bedding/2024_05_07_F1_F3/C7d_cams2_drop25 idf1=0.507352 acc=0.592134 sw=124
[70/369] OK bedding/2024_05_05_F5_F3/C7c_cams4_sigma0 idf1=1.0 acc=1.0 sw=0
[71/369] OK bedding/2024_05_07_F1_F3/C7c_cams2_sigma0 idf1=1.0 acc=1.0 sw=0
[72/369] OK bedding/2024_05_05_F5_F3/C7d_cams5_drop25 idf1=0.621841 acc=0.623074 sw=10
[73/369] OK bedding/2024_05_05_F5_F3/C7c_cams5_sigma0 idf1=1.0 acc=1.0 sw=0
[74/369] OK bedding/2024_05_05_F5_F3/C7d_cams6_drop25 idf1=0.999471 acc=0.999953 sw=8
[75/369] OK bedding/2024_05_07_F1_F3/C7d_cams3_drop25 idf1=0.562216 acc=0.580929 sw=30
[76/369] OK bedding/2024_05_07_F1_F3/C7c_cams3_sigma0 idf1=1.0 acc=1.0 sw=0
[77/369] OK bedding/2024_05_07_F1_F3/C7d_cams4_drop25 idf1=0.902417 acc=0.909553 sw=16
[78/369] OK bedding/2024_05_07_F1_F3/C7c_cams4_sigma0 idf1=1.0 acc=1.0 sw=0
[79/369] OK bedding/2024_05_07_F5_F3/C7d_cams2_drop25 idf1=0.725142 acc=0.846537 sw=89
[80/369] OK bedding/2024_05_07_F5_F3/C7c_cams2_sigma0 idf1=1.0 acc=1.0 sw=0
[81/369] OK bedding/2024_05_07_F1_F3/C7d_cams5_drop25 idf1=0.907613 acc=0.909379 sw=6
[82/369] OK bedding/2024_05_07_F5_F3/C7d_cams3_drop25 idf1=0.967895 acc=0.999953 sw=12
[83/369] OK bedding/2024_05_07_F5_F3/C7c_cams3_sigma0 idf1=1.0 acc=1.0 sw=0
[84/369] OK bedding/2024_05_07_F1_F3/C7c_cams5_sigma0 idf1=1.0 acc=1.0 sw=0
[85/369] OK bedding/2024_05_07_F1_F3/C7d_cams6_drop25 idf1=0.909245 acc=0.909678 sw=4
[86/369] OK bedding/2024_05_07_F5_F3/C7d_cams4_drop25 idf1=0.992204 acc=0.999985 sw=4
[87/369] OK bedding/2024_05_07_F5_F3/C7c_cams4_sigma0 idf1=1.0 acc=1.0 sw=0
[88/369] OK bedding/2024_05_07_F6_F2/C7d_cams2_drop25 idf1=0.689971 acc=0.80533 sw=15
[89/369] OK bedding/2024_05_07_F5_F3/C7c_cams5_sigma0 idf1=1.0 acc=1.0 sw=0
[90/369] OK bedding/2024_05_07_F6_F2/C7c_cams2_sigma0 idf1=0.969744 acc=0.969744 sw=2
[91/369] OK bedding/2024_05_07_F5_F3/C7d_cams5_drop25 idf1=0.998065 acc=0.999975 sw=4
[92/369] OK bedding/2024_05_07_F5_F3/C7d_cams6_drop25 idf1=0.999498 acc=0.999977 sw=0
[93/369] OK bedding/2024_05_07_F6_F2/C7c_cams3_sigma0 idf1=0.969744 acc=0.969744 sw=2
[94/369] OK bedding/2024_05_07_F6_F2/C7d_cams3_drop25 idf1=0.697836 acc=0.72123 sw=30
[95/369] OK bedding/2024_05_07_F6_F2/C7d_cams4_drop25 idf1=0.797607 acc=0.803794 sw=20
[96/369] OK bedding/2024_05_07_F6_F3/C7d_cams2_drop25 idf1=0.856824 acc=1.0 sw=0
[97/369] OK bedding/2024_05_07_F6_F2/C7c_cams4_sigma0 idf1=0.969742 acc=0.969742 sw=2
[98/369] OK bedding/2024_05_07_F6_F3/C7c_cams2_sigma0 idf1=1.0 acc=1.0 sw=0
[99/369] OK bedding/2024_05_07_F6_F2/C7d_cams5_drop25 idf1=0.967787 acc=0.969667 sw=6
[100/369] OK bedding/2024_05_07_F6_F2/C7c_cams5_sigma0 idf1=0.969742 acc=0.969742 sw=2
[101/369] OK bedding/2024_05_07_F6_F2/C7d_cams6_drop25 idf1=0.515555 acc=0.515797 sw=10
[102/369] OK bedding/2024_05_07_F6_F3/C7d_cams3_drop25 idf1=0.967596 acc=0.999989 sw=3
[103/369] OK bedding/2024_05_07_F6_F3/C7c_cams3_sigma0 idf1=1.0 acc=1.0 sw=0
[104/369] OK bedding/2024_05_07_F6_F3/C7d_cams4_drop25 idf1=0.992161 acc=0.999977 sw=4
[105/369] OK soc1/2022_09_22_M3_M4/C7d_cams2_drop25 idf1=0.623235 acc=0.72704 sw=28
[106/369] OK soc1/2022_09_22_M3_M4/C7c_cams2_sigma0 idf1=1.0 acc=1.0 sw=0
[107/369] OK bedding/2024_05_07_F6_F3/C7c_cams4_sigma0 idf1=1.0 acc=1.0 sw=0
[108/369] OK bedding/2024_05_07_F6_F3/C7d_cams5_drop25 idf1=0.998076 acc=0.999985 sw=4
[109/369] OK bedding/2024_05_07_F6_F3/C7c_cams5_sigma0 idf1=1.0 acc=1.0 sw=0
[110/369] OK soc1/2022_09_22_M3_M4/C7d_cams3_drop25 idf1=0.927327 acc=0.957947 sw=31
[111/369] OK soc1/2022_09_22_M3_M4/C7c_cams3_sigma0 idf1=1.0 acc=1.0 sw=0
[112/369] OK bedding/2024_05_07_F6_F3/C7d_cams6_drop25 idf1=0.999498 acc=0.999981 sw=6
[113/369] OK soc1/2022_09_22_M3_M4/C7c_cams4_sigma0 idf1=1.0 acc=1.0 sw=0
[114/369] OK soc1/2022_09_22_M3_M4/C7d_cams4_drop25 idf1=0.721396 acc=0.727071 sw=20
[115/369] OK soc1/2022_09_22_M5_M6/C7d_cams2_drop25 idf1=0.42913 acc=0.500744 sw=56
[116/369] OK soc1/2022_09_22_M5_M6/C7c_cams2_sigma0 idf1=1.0 acc=1.0 sw=0
[117/369] OK soc1/2022_09_22_M3_M4/C7c_cams5_sigma0 idf1=1.0 acc=1.0 sw=0
[118/369] OK soc1/2022_09_22_M3_M4/C7d_cams5_drop25 idf1=0.893278 acc=0.895047 sw=10
[119/369] OK soc1/2022_09_22_M5_M6/C7d_cams3_drop25 idf1=0.484205 acc=0.500229 sw=20
[120/369] OK soc1/2022_09_22_M5_M6/C7c_cams3_sigma0 idf1=1.0 acc=1.0 sw=0
[121/369] OK soc1/2022_09_22_M3_M4/C7d_cams6_drop25 idf1=0.999462 acc=0.99995 sw=8
[122/369] OK soc1/2022_09_22_M5_M6/C7d_cams4_drop25 idf1=0.497178 acc=0.501134 sw=4
[123/369] OK soc1/2022_09_22_M5_M6/C7c_cams4_sigma0 idf1=1.0 acc=1.0 sw=0
[124/369] OK soc1/2022_09_23_M1_M6/C7d_cams2_drop25 idf1=0.724629 acc=0.845073 sw=26
[125/369] OK soc1/2022_09_23_M1_M6/C7c_cams2_sigma0 idf1=1.0 acc=1.0 sw=0
[126/369] OK soc1/2022_09_22_M5_M6/C7d_cams5_drop25 idf1=0.998042 acc=0.999965 sw=8
[127/369] OK soc1/2022_09_22_M5_M6/C7c_cams5_sigma0 idf1=1.0 acc=1.0 sw=0
[128/369] OK soc1/2022_09_22_M5_M6/C7d_cams6_drop25 idf1=0.999482 acc=0.999958 sw=8
[129/369] OK soc1/2022_09_23_M1_M6/C7d_cams3_drop25 idf1=0.514012 acc=0.531042 sw=24
[130/369] OK soc1/2022_09_23_M1_M6/C7c_cams3_sigma0 idf1=1.0 acc=1.0 sw=0
[131/369] OK soc1/2022_09_23_M1_M6/C7d_cams4_drop25 idf1=0.992134 acc=0.999977 sw=2
[132/369] OK soc1/2022_09_23_M1_M6/C7c_cams4_sigma0 idf1=1.0 acc=1.0 sw=0
[133/369] OK soc1/2022_09_23_M3_M2/C7d_cams2_drop25 idf1=0.750513 acc=0.875852 sw=12
[134/369] OK soc1/2022_09_23_M3_M2/C7c_cams2_sigma0 idf1=0.875966 acc=0.875966 sw=2
[135/369] OK soc1/2022_09_23_M1_M6/C7d_cams5_drop25 idf1=0.87582 acc=0.877598 sw=5
[136/369] OK soc1/2022_09_23_M1_M6/C7c_cams5_sigma0 idf1=1.0 acc=1.0 sw=0
[137/369] OK soc1/2022_09_23_M1_M6/C7d_cams6_drop25 idf1=0.877206 acc=0.877635 sw=4
[138/369] OK soc1/2022_09_23_M3_M2/C7d_cams3_drop25 idf1=0.967694 acc=0.999944 sw=16
[139/369] OK soc1/2022_09_23_M3_M2/C7c_cams3_sigma0 idf1=0.875963 acc=0.875963 sw=2
[140/369] OK soc1/2022_09_23_M3_M2/C7d_cams4_drop25 idf1=0.868821 acc=0.87576 sw=6
[141/369] OK soc1/2022_09_23_M3_M2/C7c_cams4_sigma0 idf1=0.875963 acc=0.875963 sw=2
[142/369] OK soc1/2022_09_23_M3_M2/C7c_cams5_sigma0 idf1=0.87596 acc=0.87596 sw=2
[143/369] OK soc1/2022_09_23_M5_M4/C7d_cams2_drop25 idf1=0.857314 acc=0.999731 sw=8
[144/369] OK soc1/2022_09_23_M5_M4/C7c_cams2_sigma0 idf1=0.999854 acc=0.999854 sw=2
[145/369] OK soc1/2022_09_23_M3_M2/C7d_cams5_drop25 idf1=0.997194 acc=0.999057 sw=87
[146/369] OK soc1/2022_09_23_M5_M4/C7d_cams3_drop25 idf1=0.96766 acc=0.999702 sw=6
[147/369] OK soc1/2022_09_23_M3_M2/C7d_cams6_drop25 idf1=0.999486 acc=0.999978 sw=4
[148/369] OK soc1/2022_09_23_M5_M4/C7c_cams3_sigma0 idf1=0.648184 acc=0.648184 sw=2
[149/369] OK soc1/2022_09_23_M5_M4/C7d_cams4_drop25 idf1=0.991797 acc=0.999716 sw=4
[150/369] OK soc1/2022_09_23_M5_M4/C7c_cams4_sigma0 idf1=0.648188 acc=0.648188 sw=4
[151/369] OK soc1/2022_09_24_M2_M4/C7d_cams2_drop25 idf1=0.769477 acc=0.897582 sw=100
[152/369] OK soc1/2022_09_24_M2_M4/C7c_cams2_sigma0 idf1=1.0 acc=1.0 sw=0
[153/369] OK soc1/2022_09_23_M5_M4/C7c_cams5_sigma0 idf1=0.648182 acc=0.648182 sw=2
[154/369] OK soc1/2022_09_23_M5_M4/C7d_cams5_drop25 idf1=0.99771 acc=0.999722 sw=6
[155/369] OK soc1/2022_09_23_M5_M4/C7d_cams6_drop25 idf1=0.999253 acc=0.999713 sw=4
[156/369] OK soc1/2022_09_24_M2_M4/C7d_cams3_drop25 idf1=0.967133 acc=0.999939 sw=16
[157/369] OK soc1/2022_09_24_M2_M4/C7c_cams3_sigma0 idf1=1.0 acc=1.0 sw=0
[158/369] OK soc1/2022_09_24_M2_M4/C7d_cams4_drop25 idf1=0.992155 acc=0.999945 sw=12
[159/369] OK soc1/2022_09_24_M2_M4/C7c_cams4_sigma0 idf1=1.0 acc=1.0 sw=0
[160/369] OK soc1/2022_09_24_M3_M6/C7d_cams2_drop25 idf1=0.85621 acc=0.999885 sw=6
[161/369] OK soc1/2022_09_24_M3_M6/C7c_cams2_sigma0 idf1=1.0 acc=1.0 sw=0
[162/369] OK soc1/2022_09_24_M2_M4/C7d_cams5_drop25 idf1=0.997981 acc=0.999961 sw=6
[163/369] OK soc1/2022_09_24_M2_M4/C7c_cams5_sigma0 idf1=1.0 acc=1.0 sw=0
[164/369] OK soc1/2022_09_24_M2_M4/C7d_cams6_drop25 idf1=0.999446 acc=0.99996 sw=6
[165/369] OK soc1/2022_09_24_M3_M6/C7d_cams3_drop25 idf1=0.967944 acc=0.999997 sw=0
[166/369] OK soc1/2022_09_24_M3_M6/C7c_cams3_sigma0 idf1=1.0 acc=1.0 sw=0
[167/369] OK soc1/2022_09_24_M3_M6/C7d_cams4_drop25 idf1=0.992186 acc=0.999994 sw=2
[168/369] OK soc1/2022_09_24_M3_M6/C7c_cams4_sigma0 idf1=1.0 acc=1.0 sw=0
[169/369] OK soc1/2022_09_24_M5_M1/C7d_cams2_drop25 idf1=0.856454 acc=0.99999 sw=3
[170/369] OK soc1/2022_09_24_M5_M1/C7c_cams2_sigma0 idf1=1.0 acc=1.0 sw=0
[171/369] OK soc1/2022_09_24_M3_M6/C7c_cams5_sigma0 idf1=1.0 acc=1.0 sw=0
[172/369] OK soc1/2022_09_24_M3_M6/C7d_cams5_drop25 idf1=0.997997 acc=0.999994 sw=2
[173/369] OK soc1/2022_09_24_M5_M1/C7d_cams3_drop25 idf1=0.967669 acc=0.999989 sw=0
[174/369] OK soc1/2022_09_24_M3_M6/C7d_cams6_drop25 idf1=0.999493 acc=0.999995 sw=0
[175/369] OK soc1/2022_09_24_M5_M1/C7c_cams3_sigma0 idf1=1.0 acc=1.0 sw=0
[176/369] OK soc1/2022_09_24_M5_M1/C7d_cams4_drop25 idf1=0.992262 acc=0.999994 sw=2
[177/369] OK soc1/2022_09_24_M5_M1/C7c_cams4_sigma0 idf1=1.0 acc=1.0 sw=0
[178/369] OK soc1/2022_09_25_M1_M4/C7d_cams2_drop25 idf1=0.856324 acc=0.998833 sw=179
[179/369] OK soc1/2022_09_25_M1_M4/C7c_cams2_sigma0 idf1=1.0 acc=1.0 sw=0
[180/369] OK soc1/2022_09_24_M5_M1/C7d_cams5_drop25 idf1=0.998034 acc=0.999992 sw=1
[181/369] OK soc1/2022_09_24_M5_M1/C7c_cams5_sigma0 idf1=1.0 acc=1.0 sw=0
[182/369] OK soc1/2022_09_25_M1_M4/C7d_cams3_drop25 idf1=0.968101 acc=0.999995 sw=2
[183/369] OK soc1/2022_09_24_M5_M1/C7d_cams6_drop25 idf1=0.999501 acc=0.999996 sw=0
[184/369] OK soc1/2022_09_25_M1_M4/C7c_cams3_sigma0 idf1=1.0 acc=1.0 sw=0
[185/369] OK soc1/2022_09_25_M1_M4/C7d_cams4_drop25 idf1=0.855316 acc=0.8621 sw=2
[186/369] OK soc1/2022_09_25_M1_M4/C7c_cams4_sigma0 idf1=1.0 acc=1.0 sw=0
[187/369] OK soc1/2022_09_25_M5_M3/C7d_cams2_drop25 idf1=0.478454 acc=0.557782 sw=174
[188/369] OK soc1/2022_09_25_M1_M4/C7c_cams5_sigma0 idf1=1.0 acc=1.0 sw=0
[189/369] OK soc1/2022_09_25_M5_M3/C7c_cams2_sigma0 idf1=1.0 acc=1.0 sw=0
[190/369] OK soc1/2022_09_25_M1_M4/C7d_cams5_drop25 idf1=0.998075 acc=0.999994 sw=0
[191/369] OK soc1/2022_09_25_M5_M3/C7d_cams3_drop25 idf1=0.68772 acc=0.710307 sw=68
[192/369] OK soc1/2022_09_25_M1_M4/C7d_cams6_drop25 idf1=0.999509 acc=0.999995 sw=0
[193/369] OK soc1/2022_09_25_M5_M3/C7c_cams3_sigma0 idf1=1.0 acc=1.0 sw=0
[194/369] OK soc1/2022_09_25_M5_M3/C7c_cams4_sigma0 idf1=1.0 acc=1.0 sw=0
[195/369] OK soc1/2022_09_25_M5_M3/C7d_cams4_drop25 idf1=0.959396 acc=0.967021 sw=32
[196/369] OK soc1/2022_09_25_M6_M2/C7d_cams2_drop25 idf1=0.479681 acc=0.559431 sw=225
[197/369] OK soc1/2022_09_25_M5_M3/C7d_cams5_drop25 idf1=0.523778 acc=0.524836 sw=38
[198/369] OK soc1/2022_09_25_M6_M2/C7c_cams2_sigma0 idf1=1.0 acc=1.0 sw=0
[199/369] OK soc1/2022_09_25_M5_M3/C7c_cams5_sigma0 idf1=1.0 acc=1.0 sw=0
[200/369] OK soc1/2022_09_25_M5_M3/C7d_cams6_drop25 idf1=0.763858 acc=0.764218 sw=20
[201/369] OK soc1/2022_09_25_M6_M2/C7d_cams3_drop25 idf1=0.91399 acc=0.944629 sw=104
[202/369] OK soc1/2022_09_25_M6_M2/C7c_cams3_sigma0 idf1=1.0 acc=1.0 sw=0
[203/369] OK soc1/2022_09_25_M6_M2/C7d_cams4_drop25 idf1=0.98901 acc=0.997011 sw=376
[204/369] OK soc1/2022_09_25_M6_M2/C7c_cams4_sigma0 idf1=1.0 acc=1.0 sw=0
[205/369] OK soc1/2022_09_26_M1_M3/C7d_cams2_drop25 idf1=0.798405 acc=0.931076 sw=1368
[206/369] OK soc1/2022_09_26_M1_M3/C7c_cams2_sigma0 idf1=1.0 acc=1.0 sw=0
[207/369] OK soc1/2022_09_25_M6_M2/C7c_cams5_sigma0 idf1=1.0 acc=1.0 sw=0
[208/369] OK soc1/2022_09_25_M6_M2/C7d_cams5_drop25 idf1=0.99795 acc=0.999965 sw=6
[209/369] OK soc1/2022_09_25_M6_M2/C7d_cams6_drop25 idf1=0.999486 acc=0.999971 sw=4
[210/369] OK soc1/2022_09_26_M1_M3/C7d_cams3_drop25 idf1=0.96787 acc=0.999968 sw=10
[211/369] OK soc1/2022_09_26_M1_M3/C7c_cams3_sigma0 idf1=1.0 acc=1.0 sw=0
[212/369] OK soc1/2022_09_26_M1_M3/C7d_cams4_drop25 idf1=0.939056 acc=0.94649 sw=22
[213/369] OK soc1/2022_09_26_M1_M3/C7c_cams4_sigma0 idf1=1.0 acc=1.0 sw=0
[214/369] OK soc1/2022_09_26_M5_M2/C7d_cams2_drop25 idf1=0.574533 acc=0.669698 sw=274
[215/369] OK soc1/2022_09_26_M1_M3/C7c_cams5_sigma0 idf1=1.0 acc=1.0 sw=0
[216/369] OK soc1/2022_09_26_M5_M2/C7c_cams2_sigma0 idf1=1.0 acc=1.0 sw=0
[217/369] OK soc1/2022_09_26_M1_M3/C7d_cams5_drop25 idf1=0.997992 acc=0.999964 sw=6
[218/369] OK soc1/2022_09_26_M1_M3/C7d_cams6_drop25 idf1=0.999494 acc=0.999969 sw=3
[219/369] OK soc1/2022_09_26_M5_M2/C7d_cams3_drop25 idf1=0.771356 acc=0.797058 sw=24
[220/369] OK soc1/2022_09_26_M5_M2/C7c_cams3_sigma0 idf1=0.779026 acc=0.779026 sw=2
[221/369] OK soc1/2022_09_26_M5_M2/C7d_cams4_drop25 idf1=0.665309 acc=0.670677 sw=57
[222/369] OK soc1/2022_09_26_M5_M2/C7c_cams4_sigma0 idf1=0.999997 acc=0.999997 sw=0
[223/369] OK soc1/2022_09_26_M5_M2/C7d_cams5_drop25 idf1=0.997927 acc=0.999932 sw=9
[224/369] OK soc1/2022_09_26_M6_M4/C7d_cams2_drop25 idf1=0.622041 acc=0.72582 sw=107
[225/369] OK soc1/2022_09_26_M6_M4/C7c_cams2_sigma0 idf1=1.0 acc=1.0 sw=0
[226/369] OK soc1/2022_09_26_M5_M2/C7c_cams5_sigma0 idf1=0.999998 acc=0.999998 sw=0
[227/369] OK soc1/2022_09_26_M6_M4/C7d_cams3_drop25 idf1=0.967945 acc=0.999851 sw=23
[228/369] OK soc1/2022_09_26_M5_M2/C7d_cams6_drop25 idf1=0.999432 acc=0.999939 sw=4
[229/369] OK soc1/2022_09_26_M6_M4/C7c_cams3_sigma0 idf1=1.0 acc=1.0 sw=0
[230/369] OK soc1/2022_09_26_M6_M4/C7d_cams4_drop25 idf1=0.992079 acc=0.999951 sw=11
[231/369] OK soc1/2022_09_26_M6_M4/C7c_cams4_sigma0 idf1=1.0 acc=1.0 sw=0
[232/369] OK soc3/2022_10_04_M1_M2/C7d_cams2_drop25 idf1=0.857142 acc=1.0 sw=0
[233/369] OK soc3/2022_10_04_M1_M2/C7c_cams2_sigma0 idf1=1.0 acc=1.0 sw=0
[234/369] OK soc1/2022_09_26_M6_M4/C7c_cams5_sigma0 idf1=1.0 acc=1.0 sw=0
[235/369] OK soc1/2022_09_26_M6_M4/C7d_cams5_drop25 idf1=0.99793 acc=0.999953 sw=5
[236/369] OK soc3/2022_10_04_M1_M2/C7d_cams3_drop25 idf1=0.894135 acc=0.923912 sw=25
[237/369] OK soc1/2022_09_26_M6_M4/C7d_cams6_drop25 idf1=0.999459 acc=0.999968 sw=4
[238/369] OK soc3/2022_10_04_M1_M2/C7c_cams3_sigma0 idf1=1.0 acc=1.0 sw=0
[239/369] OK soc3/2022_10_04_M1_M2/C7d_cams4_drop25 idf1=0.992102 acc=0.999994 sw=2
[240/369] OK soc3/2022_10_04_M1_M2/C7c_cams4_sigma0 idf1=1.0 acc=1.0 sw=0
[241/369] OK soc3/2022_10_04_M3_M4/C7d_cams2_drop25 idf1=0.833407 acc=0.972127 sw=30
[242/369] OK soc3/2022_10_04_M1_M2/C7c_cams5_sigma0 idf1=1.0 acc=1.0 sw=0
[243/369] OK soc3/2022_10_04_M3_M4/C7c_cams2_sigma0 idf1=0.971781 acc=0.971781 sw=2
[244/369] OK soc3/2022_10_04_M1_M2/C7d_cams5_drop25 idf1=0.998034 acc=0.999998 sw=0
[245/369] OK soc3/2022_10_04_M3_M4/C7d_cams3_drop25 idf1=0.939214 acc=0.970411 sw=36
[246/369] OK soc3/2022_10_04_M1_M2/C7d_cams6_drop25 idf1=0.999512 acc=0.999991 sw=2
[247/369] OK soc3/2022_10_04_M3_M4/C7c_cams3_sigma0 idf1=0.972427 acc=0.972427 sw=2
[248/369] OK soc3/2022_10_04_M3_M4/C7d_cams4_drop25 idf1=0.956744 acc=0.964341 sw=32
[249/369] OK soc3/2022_10_04_M3_M4/C7c_cams4_sigma0 idf1=0.972421 acc=0.972421 sw=2
[250/369] OK soc3/2022_10_04_M5_M6/C7d_cams2_drop25 idf1=0.857529 acc=0.99999 sw=3
[251/369] OK soc3/2022_10_04_M5_M6/C7c_cams2_sigma0 idf1=1.0 acc=1.0 sw=0
[252/369] OK soc3/2022_10_04_M3_M4/C7d_cams5_drop25 idf1=0.699773 acc=0.701177 sw=24
[253/369] OK soc3/2022_10_04_M3_M4/C7c_cams5_sigma0 idf1=0.972422 acc=0.972422 sw=2
[254/369] OK soc3/2022_10_04_M5_M6/C7d_cams3_drop25 idf1=0.967561 acc=0.999995 sw=0
[255/369] OK soc3/2022_10_04_M5_M6/C7c_cams3_sigma0 idf1=1.0 acc=1.0 sw=0
[256/369] OK soc3/2022_10_04_M3_M4/C7d_cams6_drop25 idf1=0.971794 acc=0.972274 sw=20
[257/369] OK soc3/2022_10_04_M5_M6/C7d_cams4_drop25 idf1=0.99218 acc=0.999994 sw=1
[258/369] OK soc3/2022_10_04_M5_M6/C7c_cams4_sigma0 idf1=1.0 acc=1.0 sw=0
[259/369] OK soc3/2022_10_05_M1_M6/C7d_cams2_drop25 idf1=0.856777 acc=0.999985 sw=4
[260/369] OK soc3/2022_10_05_M1_M6/C7c_cams2_sigma0 idf1=1.0 acc=1.0 sw=0
[261/369] OK soc3/2022_10_04_M5_M6/C7d_cams5_drop25 idf1=0.998006 acc=0.999989 sw=1
[262/369] OK soc3/2022_10_04_M5_M6/C7c_cams5_sigma0 idf1=1.0 acc=1.0 sw=0
[263/369] OK soc3/2022_10_05_M1_M6/C7d_cams3_drop25 idf1=0.967839 acc=0.999968 sw=6
[264/369] OK soc3/2022_10_04_M5_M6/C7d_cams6_drop25 idf1=0.999493 acc=0.999984 sw=2
[265/369] OK soc3/2022_10_05_M1_M6/C7c_cams3_sigma0 idf1=1.0 acc=1.0 sw=0
[266/369] OK soc3/2022_10_05_M1_M6/C7d_cams4_drop25 idf1=0.991968 acc=0.999853 sw=30
[267/369] OK soc3/2022_10_05_M1_M6/C7c_cams4_sigma0 idf1=1.0 acc=1.0 sw=0
[268/369] OK soc3/2022_10_05_M3_M2/C7d_cams2_drop25 idf1=0.856649 acc=0.999925 sw=15
[269/369] OK soc3/2022_10_05_M3_M2/C7c_cams2_sigma0 idf1=1.0 acc=1.0 sw=0
[270/369] OK soc3/2022_10_05_M1_M6/C7d_cams5_drop25 idf1=0.998038 acc=0.999992 sw=0
[271/369] OK soc3/2022_10_05_M1_M6/C7c_cams5_sigma0 idf1=1.0 acc=1.0 sw=0
[272/369] OK soc3/2022_10_05_M3_M2/C7d_cams3_drop25 idf1=0.967522 acc=0.999973 sw=6
[273/369] OK soc3/2022_10_05_M1_M6/C7d_cams6_drop25 idf1=0.999492 acc=0.999985 sw=2
[274/369] OK soc3/2022_10_05_M3_M2/C7c_cams3_sigma0 idf1=1.0 acc=1.0 sw=0
[275/369] OK soc3/2022_10_05_M3_M2/C7d_cams4_drop25 idf1=0.992048 acc=0.999971 sw=2
[276/369] OK soc3/2022_10_05_M3_M2/C7c_cams4_sigma0 idf1=1.0 acc=1.0 sw=0
[277/369] OK soc3/2022_10_05_M5_M4/C7d_cams2_drop25 idf1=0.857824 acc=0.999995 sw=2
[278/369] OK soc3/2022_10_05_M5_M4/C7c_cams2_sigma0 idf1=1.0 acc=1.0 sw=0
[279/369] OK soc3/2022_10_05_M3_M2/C7c_cams5_sigma0 idf1=1.0 acc=1.0 sw=0
[280/369] OK soc3/2022_10_05_M3_M2/C7d_cams5_drop25 idf1=0.998011 acc=0.999968 sw=14
[281/369] OK soc3/2022_10_05_M3_M2/C7d_cams6_drop25 idf1=0.99944 acc=0.999981 sw=0
[282/369] OK soc3/2022_10_05_M5_M4/C7d_cams3_drop25 idf1=0.967567 acc=0.999627 sw=68
[283/369] OK soc3/2022_10_05_M5_M4/C7c_cams3_sigma0 idf1=1.0 acc=1.0 sw=0
[284/369] OK soc3/2022_10_05_M5_M4/C7d_cams4_drop25 idf1=0.991739 acc=0.999724 sw=36
[285/369] OK soc3/2022_10_05_M5_M4/C7c_cams4_sigma0 idf1=1.0 acc=1.0 sw=0
[286/369] OK soc3/2022_10_05_M5_M4/C7c_cams5_sigma0 idf1=1.0 acc=1.0 sw=0
[287/369] OK soc3/2022_10_06_M2_M4/C7d_cams2_drop25 idf1=0.76281 acc=0.889536 sw=189
[288/369] OK soc3/2022_10_06_M2_M4/C7c_cams2_sigma0 idf1=1.0 acc=1.0 sw=0
[289/369] OK soc3/2022_10_05_M5_M4/C7d_cams5_drop25 idf1=0.893654 acc=0.895367 sw=14
[290/369] OK soc3/2022_10_06_M2_M4/C7d_cams3_drop25 idf1=0.968076 acc=0.999936 sw=16
[291/369] OK soc3/2022_10_05_M5_M4/C7d_cams6_drop25 idf1=0.999526 acc=0.999991 sw=0
[292/369] OK soc3/2022_10_06_M2_M4/C7c_cams3_sigma0 idf1=1.0 acc=1.0 sw=0
[293/369] OK soc3/2022_10_06_M2_M4/C7d_cams4_drop25 idf1=0.992053 acc=0.999926 sw=18
[294/369] OK soc3/2022_10_06_M2_M4/C7c_cams4_sigma0 idf1=1.0 acc=1.0 sw=0
[295/369] OK soc3/2022_10_06_M3_M6/C7d_cams2_drop25 idf1=0.666901 acc=0.778435 sw=221
[296/369] OK soc3/2022_10_06_M2_M4/C7d_cams5_drop25 idf1=0.997912 acc=0.999887 sw=16
[297/369] OK soc3/2022_10_06_M3_M6/C7c_cams2_sigma0 idf1=1.0 acc=1.0 sw=0
[298/369] OK soc3/2022_10_06_M2_M4/C7c_cams5_sigma0 idf1=1.0 acc=1.0 sw=0
[299/369] OK soc3/2022_10_06_M2_M4/C7d_cams6_drop25 idf1=0.999413 acc=0.999925 sw=14
[300/369] OK soc3/2022_10_06_M3_M6/C7d_cams3_drop25 idf1=0.967522 acc=0.99967 sw=72
[301/369] OK soc3/2022_10_06_M3_M6/C7c_cams3_sigma0 idf1=1.0 acc=1.0 sw=0
[302/369] OK soc3/2022_10_06_M3_M6/C7d_cams4_drop25 idf1=0.968837 acc=0.976495 sw=52
[303/369] OK soc3/2022_10_06_M3_M6/C7c_cams4_sigma0 idf1=1.0 acc=1.0 sw=0
[304/369] OK soc3/2022_10_06_M5_M1/C7d_cams2_drop25 idf1=0.465151 acc=0.542176 sw=7
[305/369] OK soc3/2022_10_06_M5_M1/C7c_cams2_sigma0 idf1=1.0 acc=1.0 sw=0
[306/369] OK soc3/2022_10_06_M3_M6/C7d_cams5_drop25 idf1=0.973014 acc=0.974894 sw=98
[307/369] OK soc3/2022_10_06_M3_M6/C7c_cams5_sigma0 idf1=1.0 acc=1.0 sw=0
[308/369] OK soc3/2022_10_06_M5_M1/C7d_cams3_drop25 idf1=0.96796 acc=0.999973 sw=7
[309/369] OK soc3/2022_10_06_M3_M6/C7d_cams6_drop25 idf1=0.593307 acc=0.59359 sw=26
[310/369] OK soc3/2022_10_06_M5_M1/C7c_cams3_sigma0 idf1=1.0 acc=1.0 sw=0
[311/369] OK soc3/2022_10_06_M5_M1/C7d_cams4_drop25 idf1=0.992087 acc=0.999983 sw=4
[312/369] OK soc3/2022_10_06_M5_M1/C7c_cams4_sigma0 idf1=1.0 acc=1.0 sw=0
[313/369] OK soc3/2022_10_07_M1_M4/C7d_cams2_drop25 idf1=0.826501 acc=0.964983 sw=4
[314/369] OK soc3/2022_10_06_M5_M1/C7c_cams5_sigma0 idf1=1.0 acc=1.0 sw=0
[315/369] OK soc3/2022_10_07_M1_M4/C7c_cams2_sigma0 idf1=1.0 acc=1.0 sw=0
[316/369] OK soc3/2022_10_06_M5_M1/C7d_cams5_drop25 idf1=0.997968 acc=0.999977 sw=6
[317/369] OK soc3/2022_10_07_M1_M4/C7d_cams3_drop25 idf1=0.967587 acc=0.999979 sw=4
[318/369] OK soc3/2022_10_07_M1_M4/C7c_cams3_sigma0 idf1=1.0 acc=1.0 sw=0
[319/369] OK soc3/2022_10_06_M5_M1/C7d_cams6_drop25 idf1=0.999501 acc=0.999966 sw=6
[320/369] OK soc3/2022_10_07_M1_M4/C7d_cams4_drop25 idf1=0.991934 acc=0.99999 sw=4
[321/369] OK soc3/2022_10_07_M1_M4/C7c_cams4_sigma0 idf1=1.0 acc=1.0 sw=0
[322/369] OK soc3/2022_10_07_M5_M3/C7d_cams2_drop25 idf1=0.653693 acc=0.762495 sw=18
[323/369] OK soc3/2022_10_07_M5_M3/C7c_cams2_sigma0 idf1=1.0 acc=1.0 sw=0
[324/369] OK soc3/2022_10_07_M1_M4/C7d_cams5_drop25 idf1=0.998024 acc=0.999982 sw=2
[325/369] OK soc3/2022_10_07_M1_M4/C7c_cams5_sigma0 idf1=1.0 acc=1.0 sw=0
[326/369] OK soc3/2022_10_07_M1_M4/C7d_cams6_drop25 idf1=0.999499 acc=0.999988 sw=0
[327/369] OK soc3/2022_10_07_M5_M3/C7d_cams3_drop25 idf1=0.96727 acc=0.999987 sw=6
[328/369] OK soc3/2022_10_07_M5_M3/C7c_cams3_sigma0 idf1=1.0 acc=1.0 sw=0
[329/369] OK soc3/2022_10_07_M5_M3/C7d_cams4_drop25 idf1=0.992132 acc=0.999947 sw=13
[330/369] OK soc3/2022_10_07_M5_M3/C7c_cams4_sigma0 idf1=1.0 acc=1.0 sw=0
[331/369] OK soc3/2022_10_07_M5_M3/C7c_cams5_sigma0 idf1=1.0 acc=1.0 sw=0
[332/369] OK soc3/2022_10_07_M6_M2/C7d_cams2_drop25 idf1=0.790143 acc=0.921192 sw=68
[333/369] OK soc3/2022_10_07_M6_M2/C7c_cams2_sigma0 idf1=1.0 acc=1.0 sw=0
[334/369] OK soc3/2022_10_07_M5_M3/C7d_cams5_drop25 idf1=0.998 acc=0.999958 sw=5
[335/369] OK soc3/2022_10_07_M6_M2/C7d_cams3_drop25 idf1=0.702527 acc=0.725715 sw=51
[336/369] OK soc3/2022_10_07_M5_M3/C7d_cams6_drop25 idf1=0.999482 acc=0.99997 sw=4
[337/369] OK soc3/2022_10_07_M6_M2/C7c_cams3_sigma0 idf1=1.0 acc=1.0 sw=0
[338/369] OK soc3/2022_10_07_M6_M2/C7d_cams4_drop25 idf1=0.948085 acc=0.955514 sw=34
[339/369] OK soc3/2022_10_07_M6_M2/C7c_cams4_sigma0 idf1=1.0 acc=1.0 sw=0
[340/369] OK soc3/2022_10_08_M1_M3/C7d_cams2_drop25 idf1=0.490529 acc=0.572024 sw=10
[341/369] OK soc3/2022_10_07_M6_M2/C7c_cams5_sigma0 idf1=1.0 acc=1.0 sw=0
[342/369] OK soc3/2022_10_08_M1_M3/C7c_cams2_sigma0 idf1=1.0 acc=1.0 sw=0
[343/369] OK soc3/2022_10_07_M6_M2/C7d_cams5_drop25 idf1=0.940526 acc=0.942351 sw=10
[344/369] OK soc3/2022_10_08_M1_M3/C7d_cams3_drop25 idf1=0.967651 acc=0.999995 sw=2
[345/369] OK soc3/2022_10_08_M1_M3/C7c_cams3_sigma0 idf1=1.0 acc=1.0 sw=0
[346/369] OK soc3/2022_10_07_M6_M2/C7d_cams6_drop25 idf1=0.999451 acc=0.999919 sw=8
[347/369] OK soc3/2022_10_08_M1_M3/C7d_cams4_drop25 idf1=0.992103 acc=0.999992 sw=0
[348/369] OK soc3/2022_10_08_M1_M3/C7c_cams4_sigma0 idf1=1.0 acc=1.0 sw=0
[349/369] OK soc3/2022_10_08_M5_M2/C7d_cams2_drop25 idf1=0.855511 acc=0.998824 sw=157
[350/369] OK soc3/2022_10_08_M5_M2/C7c_cams2_sigma0 idf1=1.0 acc=1.0 sw=0
[351/369] OK soc3/2022_10_08_M1_M3/C7c_cams5_sigma0 idf1=1.0 acc=1.0 sw=0
[352/369] OK soc3/2022_10_08_M1_M3/C7d_cams5_drop25 idf1=0.998011 acc=0.999997 sw=0
[353/369] OK soc3/2022_10_08_M5_M2/C7d_cams3_drop25 idf1=0.967576 acc=0.999963 sw=10
[354/369] OK soc3/2022_10_08_M1_M3/C7d_cams6_drop25 idf1=0.999516 acc=0.999995 sw=0
[355/369] OK soc3/2022_10_08_M5_M2/C7c_cams3_sigma0 idf1=1.0 acc=1.0 sw=0
[356/369] OK soc3/2022_10_08_M5_M2/C7d_cams4_drop25 idf1=0.992031 acc=0.999987 sw=2
[357/369] OK soc3/2022_10_08_M5_M2/C7c_cams4_sigma0 idf1=1.0 acc=1.0 sw=0
[358/369] OK soc3/2022_10_08_M6_M4/C7d_cams2_drop25 idf1=0.848529 acc=0.990922 sw=54
[359/369] OK soc3/2022_10_08_M5_M2/C7c_cams5_sigma0 idf1=1.0 acc=1.0 sw=0
[360/369] OK soc3/2022_10_08_M5_M2/C7d_cams5_drop25 idf1=0.998034 acc=0.999995 sw=0
[361/369] OK soc3/2022_10_08_M6_M4/C7c_cams2_sigma0 idf1=1.0 acc=1.0 sw=0
[362/369] OK soc3/2022_10_08_M6_M4/C7d_cams3_drop25 idf1=0.945245 acc=0.976917 sw=46
[363/369] OK soc3/2022_10_08_M6_M4/C7c_cams3_sigma0 idf1=1.0 acc=1.0 sw=0
[364/369] OK soc3/2022_10_08_M5_M2/C7d_cams6_drop25 idf1=0.999488 acc=0.999994 sw=2
[365/369] OK soc3/2022_10_08_M6_M4/C7d_cams4_drop25 idf1=0.99179 acc=0.99962 sw=21
[366/369] OK soc3/2022_10_08_M6_M4/C7c_cams4_sigma0 idf1=1.0 acc=1.0 sw=0
[367/369] OK soc3/2022_10_08_M6_M4/C7d_cams5_drop25 idf1=0.997877 acc=0.999802 sw=22
[368/369] OK soc3/2022_10_08_M6_M4/C7c_cams5_sigma0 idf1=1.0 acc=1.0 sw=0
[369/369] OK soc3/2022_10_08_M6_M4/C7d_cams6_drop25 idf1=0.999255 acc=0.999735 sw=18
