205 cells, 10 workers
[1/205] OK triads/2023_03_01_M15_M16_M14/C7e_cams2_s3drop25 idf1=0.855798 acc=0.999322 sw=59
[2/205] OK triads/2023_03_01_M12_M13_M14/C7e_cams2_s3drop25 idf1=0.565429 acc=0.659394 sw=16
[3/205] OK triads/2023_03_01_M15_M16_M14/C7e_cams3_s3drop25 idf1=0.967628 acc=0.999992 sw=3
[4/205] OK triads/2023_03_01_M12_M13_M14/C7e_cams3_s3drop25 idf1=0.767287 acc=0.793124 sw=47
[5/205] OK triads/2023_03_01_M15_M16_M14/C8_drop50_sigma0 idf1=0.98415 acc=0.999973 sw=4
[6/205] OK triads/2023_03_01_M12_M13_M14/C8_drop50_sigma0 idf1=0.696734 acc=0.70801 sw=78
[7/205] OK triads/2023_03_01_M12_M13_M14/C7e_cams4_s3drop25 idf1=0.785718 acc=0.791988 sw=30
[8/205] OK triads/2023_03_01_M15_M16_M14/C7e_cams4_s3drop25 idf1=0.991956 acc=0.999976 sw=3
[9/205] OK triads/2023_03_01_M12_M13_M14/C7e_cams5_s3drop25 idf1=0.996993 acc=0.998996 sw=16
[10/205] OK triads/2023_03_01_M15_M16_M14/C7e_cams5_s3drop25 idf1=0.998013 acc=0.999987 sw=2
[11/205] OK triads/2023_03_01_M1_M2_M3/C7e_cams2_s3drop25 idf1=0.812923 acc=0.948149 sw=10
[12/205] OK triads/2023_03_01_M1_M2_M3/C7e_cams3_s3drop25 idf1=0.51737 acc=0.53466 sw=69
[13/205] OK triads/2023_03_01_M4_M5_M6/C7e_cams2_s3drop25 idf1=0.856251 acc=1.0 sw=0
[14/205] OK triads/2023_03_01_M4_M5_M6/C7e_cams3_s3drop25 idf1=0.967662 acc=0.999997 sw=1
[15/205] OK triads/2023_03_01_M1_M2_M3/C7e_cams4_s3drop25 idf1=0.992202 acc=0.999989 sw=0
[16/205] OK triads/2023_03_01_M4_M5_M6/C7e_cams4_s3drop25 idf1=0.992105 acc=0.999991 sw=2
[17/205] OK triads/2023_03_01_M1_M2_M3/C7e_cams5_s3drop25 idf1=0.998032 acc=0.999963 sw=4
[18/205] OK triads/2023_03_01_M1_M2_M3/C8_drop50_sigma0 idf1=0.890194 acc=0.904469 sw=25
[19/205] OK triads/2023_03_01_M4_M5_M6/C8_drop50_sigma0 idf1=0.98424 acc=0.999981 sw=2
[20/205] OK triads/2023_03_01_M7_M8_M6/C7e_cams2_s3drop25 idf1=0.85903 acc=1.0 sw=0
[21/205] OK triads/2023_03_01_M4_M5_M6/C7e_cams5_s3drop25 idf1=0.998053 acc=1.0 sw=0
[22/205] OK triads/2023_03_01_M7_M8_M6/C7e_cams3_s3drop25 idf1=0.810564 acc=0.837821 sw=56
[23/205] OK triads/2023_03_15_M2_M3_M4/C7e_cams2_s3drop25 idf1=0.809933 acc=0.943902 sw=4
[24/205] OK triads/2023_03_01_M7_M8_M6/C7e_cams4_s3drop25 idf1=0.992125 acc=1.0 sw=0
[25/205] OK triads/2023_03_15_M2_M3_M4/C7e_cams3_s3drop25 idf1=0.967562 acc=0.999995 sw=2
[26/205] OK bedding/2024_05_05_F1_F2/C7e_cams2_s3drop25 idf1=0.52417 acc=0.61132 sw=2348
[27/205] OK triads/2023_03_01_M7_M8_M6/C8_drop50_sigma0 idf1=0.983974 acc=0.999983 sw=1
[28/205] OK triads/2023_03_01_M7_M8_M6/C7e_cams5_s3drop25 idf1=0.998052 acc=0.999999 sw=0
[29/205] OK triads/2023_03_15_M2_M3_M4/C7e_cams4_s3drop25 idf1=0.992212 acc=0.999985 sw=2
[30/205] OK triads/2023_03_15_M2_M3_M4/C8_drop50_sigma0 idf1=0.682848 acc=0.69401 sw=11
[31/205] OK triads/2023_03_15_M2_M3_M4/C7e_cams5_s3drop25 idf1=0.942226 acc=0.944 sw=2
[32/205] OK bedding/2024_05_05_F1_F2/C7e_cams3_s3drop25 idf1=0.767652 acc=0.793033 sw=58
[33/205] OK bedding/2024_05_05_F5_F3/C7e_cams2_s3drop25 idf1=0.85712 acc=0.999946 sw=14
[34/205] OK bedding/2024_05_05_F1_F2/C7e_cams4_s3drop25 idf1=0.804014 acc=0.810491 sw=32
[35/205] OK bedding/2024_05_05_F1_F2/C7e_cams5_s3drop25 idf1=0.774049 acc=0.775612 sw=14
[36/205] OK bedding/2024_05_05_F5_F3/C7e_cams3_s3drop25 idf1=0.967519 acc=0.999826 sw=26
[37/205] OK bedding/2024_05_05_F1_F2/C8_drop50_sigma0 idf1=0.983098 acc=0.99897 sw=74
[38/205] OK bedding/2024_05_07_F1_F3/C7e_cams2_s3drop25 idf1=0.498892 acc=0.581436 sw=12
[39/205] OK bedding/2024_05_05_F5_F3/C7e_cams4_s3drop25 idf1=0.617687 acc=0.622649 sw=12
[40/205] OK bedding/2024_05_05_F5_F3/C7e_cams5_s3drop25 idf1=0.873338 acc=0.874975 sw=6
[41/205] OK bedding/2024_05_05_F5_F3/C8_drop50_sigma0 idf1=0.6523 acc=0.662746 sw=36
[42/205] OK bedding/2024_05_07_F1_F3/C7e_cams3_s3drop25 idf1=0.927159 acc=0.958231 sw=21
[43/205] OK bedding/2024_05_07_F5_F3/C7e_cams2_s3drop25 idf1=0.472273 acc=0.551576 sw=76
[44/205] OK bedding/2024_05_07_F1_F3/C7e_cams4_s3drop25 idf1=0.902044 acc=0.909174 sw=12
[45/205] OK bedding/2024_05_07_F5_F3/C7e_cams3_s3drop25 idf1=0.967401 acc=0.999966 sw=6
[46/205] OK bedding/2024_05_07_F6_F2/C7e_cams2_s3drop25 idf1=0.801598 acc=0.936047 sw=65
[47/205] OK bedding/2024_05_07_F1_F3/C8_drop50_sigma0 idf1=0.655348 acc=0.665809 sw=31
[48/205] OK bedding/2024_05_07_F1_F3/C7e_cams5_s3drop25 idf1=0.998009 acc=0.999972 sw=3
[49/205] OK bedding/2024_05_07_F5_F3/C7e_cams4_s3drop25 idf1=0.99209 acc=0.999964 sw=12
[50/205] OK bedding/2024_05_07_F5_F3/C8_drop50_sigma0 idf1=0.690267 acc=0.701376 sw=31
[51/205] OK bedding/2024_05_07_F5_F3/C7e_cams5_s3drop25 idf1=0.997973 acc=0.999961 sw=4
[52/205] OK bedding/2024_05_07_F6_F2/C7e_cams3_s3drop25 idf1=0.550927 acc=0.569374 sw=26
[53/205] OK bedding/2024_05_07_F6_F3/C7e_cams2_s3drop25 idf1=0.857245 acc=0.999719 sw=48
[54/205] OK bedding/2024_05_07_F6_F2/C7e_cams4_s3drop25 idf1=0.645204 acc=0.650331 sw=17
[55/205] OK bedding/2024_05_07_F6_F3/C7e_cams3_s3drop25 idf1=0.967469 acc=0.999974 sw=5
[56/205] OK bedding/2024_05_07_F6_F2/C7e_cams5_s3drop25 idf1=0.802343 acc=0.803943 sw=16
[57/205] OK bedding/2024_05_07_F6_F2/C8_drop50_sigma0 idf1=0.828549 acc=0.841761 sw=37
[58/205] OK bedding/2024_05_07_F6_F3/C7e_cams4_s3drop25 idf1=0.992183 acc=0.999966 sw=6
[59/205] OK soc1/2022_09_22_M3_M4/C7e_cams2_s3drop25 idf1=0.431767 acc=0.503653 sw=52
[60/205] OK bedding/2024_05_07_F6_F3/C7e_cams5_s3drop25 idf1=0.998061 acc=0.999982 sw=4
[61/205] OK bedding/2024_05_07_F6_F3/C8_drop50_sigma0 idf1=0.984187 acc=0.999908 sw=13
[62/205] OK soc1/2022_09_22_M3_M4/C7e_cams3_s3drop25 idf1=0.967505 acc=0.999957 sw=14
[63/205] OK soc1/2022_09_22_M5_M6/C7e_cams2_s3drop25 idf1=0.85678 acc=0.998958 sw=10
[64/205] OK soc1/2022_09_22_M3_M4/C7e_cams4_s3drop25 idf1=0.992149 acc=0.999954 sw=10
[65/205] OK soc1/2022_09_22_M3_M4/C7e_cams5_s3drop25 idf1=0.99797 acc=0.999934 sw=8
[66/205] OK soc1/2022_09_22_M5_M6/C7e_cams3_s3drop25 idf1=0.967687 acc=0.999936 sw=16
[67/205] OK soc1/2022_09_22_M3_M4/C8_drop50_sigma0 idf1=0.574548 acc=0.583943 sw=56
[68/205] OK soc1/2022_09_23_M1_M6/C7e_cams2_s3drop25 idf1=0.856854 acc=0.99997 sw=6
[69/205] OK soc1/2022_09_22_M5_M6/C7e_cams4_s3drop25 idf1=0.496726 acc=0.500624 sw=11
[70/205] OK soc1/2022_09_22_M5_M6/C7e_cams5_s3drop25 idf1=0.998004 acc=0.999974 sw=4
[71/205] OK soc1/2022_09_22_M5_M6/C8_drop50_sigma0 idf1=0.920403 acc=0.935275 sw=37
[72/205] OK soc1/2022_09_23_M1_M6/C7e_cams3_s3drop25 idf1=0.848788 acc=0.877061 sw=31
[73/205] OK soc1/2022_09_23_M3_M2/C7e_cams2_s3drop25 idf1=0.750197 acc=0.874991 sw=86
[74/205] OK soc1/2022_09_23_M1_M6/C7e_cams4_s3drop25 idf1=0.992023 acc=0.999973 sw=2
[75/205] OK soc1/2022_09_23_M3_M2/C7e_cams3_s3drop25 idf1=0.847952 acc=0.876171 sw=12
[76/205] OK soc1/2022_09_23_M1_M6/C7e_cams5_s3drop25 idf1=0.997968 acc=0.99998 sw=5
[77/205] OK soc1/2022_09_23_M1_M6/C8_drop50_sigma0 idf1=0.86335 acc=0.877361 sw=35
[78/205] OK soc1/2022_09_23_M3_M2/C7e_cams4_s3drop25 idf1=0.869155 acc=0.876132 sw=6
[79/205] OK soc1/2022_09_23_M5_M4/C7e_cams2_s3drop25 idf1=0.449158 acc=0.524946 sw=14
[80/205] OK soc1/2022_09_23_M3_M2/C7e_cams5_s3drop25 idf1=0.99799 acc=0.999961 sw=7
[81/205] OK soc1/2022_09_23_M5_M4/C7e_cams3_s3drop25 idf1=0.967399 acc=0.999718 sw=10
[82/205] OK soc1/2022_09_23_M3_M2/C8_drop50_sigma0 idf1=0.983964 acc=0.999844 sw=18
[83/205] OK soc1/2022_09_24_M2_M4/C7e_cams2_s3drop25 idf1=0.528705 acc=0.616685 sw=325
[84/205] OK soc1/2022_09_23_M5_M4/C7e_cams4_s3drop25 idf1=0.991851 acc=0.999692 sw=6
[85/205] OK soc1/2022_09_24_M2_M4/C7e_cams3_s3drop25 idf1=0.967501 acc=0.999928 sw=16
[86/205] OK soc1/2022_09_23_M5_M4/C7e_cams5_s3drop25 idf1=0.997738 acc=0.999731 sw=10
[87/205] OK soc1/2022_09_23_M5_M4/C8_drop50_sigma0 idf1=0.983608 acc=0.999619 sw=26
[88/205] OK soc1/2022_09_24_M3_M6/C7e_cams2_s3drop25 idf1=0.855394 acc=0.998356 sw=207
[89/205] OK soc1/2022_09_24_M2_M4/C7e_cams4_s3drop25 idf1=0.991922 acc=0.999844 sw=32
[90/205] OK soc1/2022_09_24_M2_M4/C7e_cams5_s3drop25 idf1=0.997982 acc=0.999943 sw=6
[91/205] OK soc1/2022_09_24_M2_M4/C8_drop50_sigma0 idf1=0.548735 acc=0.557541 sw=36
[92/205] OK soc1/2022_09_24_M3_M6/C7e_cams3_s3drop25 idf1=0.967108 acc=0.999995 sw=0
[93/205] OK soc1/2022_09_24_M5_M1/C7e_cams2_s3drop25 idf1=0.857368 acc=1.0 sw=0
[94/205] OK soc1/2022_09_24_M3_M6/C7e_cams4_s3drop25 idf1=0.99218 acc=0.999994 sw=0
[95/205] OK soc1/2022_09_24_M3_M6/C7e_cams5_s3drop25 idf1=0.998032 acc=0.999997 sw=0
[96/205] OK soc1/2022_09_24_M5_M1/C7e_cams3_s3drop25 idf1=0.967262 acc=0.999992 sw=2
[97/205] OK soc1/2022_09_24_M3_M6/C8_drop50_sigma0 idf1=0.983962 acc=0.999965 sw=6
[98/205] OK soc1/2022_09_25_M1_M4/C7e_cams2_s3drop25 idf1=0.856369 acc=0.99999 sw=4
[99/205] OK soc1/2022_09_24_M5_M1/C7e_cams4_s3drop25 idf1=0.992013 acc=0.999994 sw=1
[100/205] OK soc1/2022_09_24_M5_M1/C7e_cams5_s3drop25 idf1=0.998053 acc=0.999991 sw=2
[101/205] OK soc1/2022_09_25_M1_M4/C7e_cams3_s3drop25 idf1=0.83272 acc=0.860475 sw=235
[102/205] OK soc1/2022_09_24_M5_M1/C8_drop50_sigma0 idf1=0.983999 acc=0.999944 sw=9
[103/205] OK soc1/2022_09_25_M5_M3/C7e_cams2_s3drop25 idf1=0.483863 acc=0.565554 sw=170
[104/205] OK soc1/2022_09_25_M1_M4/C7e_cams4_s3drop25 idf1=0.992157 acc=0.999994 sw=2
[105/205] OK soc1/2022_09_25_M5_M3/C7e_cams3_s3drop25 idf1=0.534082 acc=0.55189 sw=62
[106/205] OK soc1/2022_09_25_M1_M4/C7e_cams5_s3drop25 idf1=0.997919 acc=0.999997 sw=0
[107/205] OK soc1/2022_09_25_M1_M4/C8_drop50_sigma0 idf1=0.849401 acc=0.86309 sw=9
[108/205] OK soc1/2022_09_25_M6_M2/C7e_cams2_s3drop25 idf1=0.85806 acc=0.999607 sw=40
[109/205] OK soc1/2022_09_25_M5_M3/C7e_cams4_s3drop25 idf1=0.725341 acc=0.731144 sw=45
[110/205] OK soc1/2022_09_25_M6_M2/C7e_cams3_s3drop25 idf1=0.967877 acc=0.999963 sw=8
[111/205] OK soc1/2022_09_25_M5_M3/C7e_cams5_s3drop25 idf1=0.762307 acc=0.763801 sw=28
[112/205] OK soc1/2022_09_25_M5_M3/C8_drop50_sigma0 idf1=0.59072 acc=0.600174 sw=101
[113/205] OK soc1/2022_09_26_M1_M3/C7e_cams2_s3drop25 idf1=0.703103 acc=0.820802 sw=6
[114/205] OK soc1/2022_09_25_M6_M2/C7e_cams4_s3drop25 idf1=0.605292 acc=0.610077 sw=52
[115/205] OK soc1/2022_09_26_M1_M3/C7e_cams3_s3drop25 idf1=0.96766 acc=0.999965 sw=10
[116/205] OK soc1/2022_09_25_M6_M2/C7e_cams5_s3drop25 idf1=0.608327 acc=0.609545 sw=44
[117/205] OK soc1/2022_09_25_M6_M2/C8_drop50_sigma0 idf1=0.928935 acc=0.94363 sw=21
[118/205] OK soc1/2022_09_26_M5_M2/C7e_cams2_s3drop25 idf1=0.809426 acc=0.9453 sw=14
[119/205] OK soc1/2022_09_26_M1_M3/C7e_cams4_s3drop25 idf1=0.99196 acc=0.999956 sw=9
[120/205] OK soc1/2022_09_26_M1_M3/C8_drop50_sigma0 idf1=0.931302 acc=0.946197 sw=35
[121/205] OK soc1/2022_09_26_M1_M3/C7e_cams5_s3drop25 idf1=0.998039 acc=0.999971 sw=4
[122/205] OK soc1/2022_09_26_M5_M2/C7e_cams3_s3drop25 idf1=0.746059 acc=0.771042 sw=622
[123/205] OK soc1/2022_09_26_M6_M4/C7e_cams2_s3drop25 idf1=0.857318 acc=0.999975 sw=8
[124/205] OK soc1/2022_09_26_M5_M2/C7e_cams4_s3drop25 idf1=0.772928 acc=0.778931 sw=19
[125/205] OK soc1/2022_09_26_M5_M2/C8_drop50_sigma0 idf1=0.797673 acc=0.81033 sw=42
[126/205] OK soc1/2022_09_26_M6_M4/C7e_cams3_s3drop25 idf1=0.96793 acc=0.999957 sw=13
[127/205] OK soc1/2022_09_26_M5_M2/C7e_cams5_s3drop25 idf1=0.943692 acc=0.945535 sw=6
[128/205] OK soc3/2022_10_04_M1_M2/C7e_cams2_s3drop25 idf1=0.857191 acc=0.999995 sw=2
[129/205] OK soc1/2022_09_26_M6_M4/C7e_cams4_s3drop25 idf1=0.860465 acc=0.867304 sw=6
[130/205] OK soc3/2022_10_04_M1_M2/C7e_cams3_s3drop25 idf1=0.96767 acc=0.999995 sw=2
[131/205] OK soc1/2022_09_26_M6_M4/C8_drop50_sigma0 idf1=0.853968 acc=0.867563 sw=34
[132/205] OK soc1/2022_09_26_M6_M4/C7e_cams5_s3drop25 idf1=0.997951 acc=0.999955 sw=8
[133/205] OK soc3/2022_10_04_M3_M4/C7e_cams2_s3drop25 idf1=0.781685 acc=0.911203 sw=216
[134/205] OK soc3/2022_10_04_M1_M2/C7e_cams4_s3drop25 idf1=0.992031 acc=0.999998 sw=0
[135/205] OK soc3/2022_10_04_M3_M4/C7e_cams3_s3drop25 idf1=0.545164 acc=0.563358 sw=73
[136/205] OK soc3/2022_10_04_M1_M2/C8_drop50_sigma0 idf1=0.984075 acc=0.999919 sw=11
[137/205] OK soc3/2022_10_04_M1_M2/C7e_cams5_s3drop25 idf1=0.998009 acc=0.999992 sw=2
[138/205] OK soc3/2022_10_04_M5_M6/C7e_cams2_s3drop25 idf1=0.532633 acc=0.621184 sw=14
[139/205] OK soc3/2022_10_04_M3_M4/C7e_cams4_s3drop25 idf1=0.878313 acc=0.885272 sw=22
[140/205] OK soc3/2022_10_04_M3_M4/C8_drop50_sigma0 idf1=0.930361 acc=0.94536 sw=118
[141/205] OK soc3/2022_10_04_M3_M4/C7e_cams5_s3drop25 idf1=0.726918 acc=0.728362 sw=28
[142/205] OK soc3/2022_10_04_M5_M6/C7e_cams3_s3drop25 idf1=0.967481 acc=0.999984 sw=4
[143/205] OK soc3/2022_10_05_M1_M6/C7e_cams2_s3drop25 idf1=0.58018 acc=0.676715 sw=11
[144/205] OK soc3/2022_10_04_M5_M6/C7e_cams4_s3drop25 idf1=0.992029 acc=0.999998 sw=0
[145/205] OK soc3/2022_10_05_M1_M6/C7e_cams3_s3drop25 idf1=0.968147 acc=0.999987 sw=4
[146/205] OK soc3/2022_10_04_M5_M6/C8_drop50_sigma0 idf1=0.98389 acc=0.99995 sw=10
[147/205] OK soc3/2022_10_05_M3_M2/C7e_cams2_s3drop25 idf1=0.856992 acc=0.99987 sw=21
[148/205] OK soc3/2022_10_04_M5_M6/C7e_cams5_s3drop25 idf1=0.998037 acc=0.999982 sw=3
[149/205] OK soc3/2022_10_05_M1_M6/C7e_cams4_s3drop25 idf1=0.992136 acc=0.999989 sw=4
[150/205] OK soc3/2022_10_05_M1_M6/C7e_cams5_s3drop25 idf1=0.997958 acc=0.999991 sw=0
[151/205] OK soc3/2022_10_05_M1_M6/C8_drop50_sigma0 idf1=0.983814 acc=0.999901 sw=18
[152/205] OK soc3/2022_10_05_M3_M2/C7e_cams3_s3drop25 idf1=0.967912 acc=0.999995 sw=1
[153/205] OK soc3/2022_10_05_M5_M4/C7e_cams2_s3drop25 idf1=0.808217 acc=0.943367 sw=70
[154/205] OK soc3/2022_10_05_M3_M2/C7e_cams4_s3drop25 idf1=0.992204 acc=0.999968 sw=6
[155/205] OK soc3/2022_10_05_M3_M2/C7e_cams5_s3drop25 idf1=0.997973 acc=0.999967 sw=6
[156/205] OK soc3/2022_10_05_M3_M2/C8_drop50_sigma0 idf1=0.984214 acc=0.999842 sw=32
[157/205] OK soc3/2022_10_05_M5_M4/C7e_cams3_s3drop25 idf1=0.967909 acc=0.999949 sw=10
[158/205] OK soc3/2022_10_06_M2_M4/C7e_cams2_s3drop25 idf1=0.645879 acc=0.753499 sw=34
[159/205] OK soc3/2022_10_05_M5_M4/C7e_cams4_s3drop25 idf1=0.992197 acc=0.999981 sw=0
[160/205] OK soc3/2022_10_06_M2_M4/C7e_cams3_s3drop25 idf1=0.966471 acc=0.998592 sw=130
[161/205] OK soc3/2022_10_05_M5_M4/C8_drop50_sigma0 idf1=0.880788 acc=0.895149 sw=14
[162/205] OK soc3/2022_10_05_M5_M4/C7e_cams5_s3drop25 idf1=0.893334 acc=0.895102 sw=4
[163/205] OK soc3/2022_10_06_M3_M6/C7e_cams2_s3drop25 idf1=0.457338 acc=0.533995 sw=1006
[164/205] OK soc3/2022_10_06_M2_M4/C7e_cams4_s3drop25 idf1=0.991847 acc=0.999715 sw=38
[165/205] OK soc3/2022_10_06_M3_M6/C7e_cams3_s3drop25 idf1=0.965194 acc=0.997735 sw=150
[166/205] OK soc3/2022_10_06_M2_M4/C8_drop50_sigma0 idf1=0.810497 acc=0.823632 sw=83
[167/205] OK soc3/2022_10_06_M2_M4/C7e_cams5_s3drop25 idf1=0.886744 acc=0.888524 sw=28
[168/205] OK soc3/2022_10_06_M5_M1/C7e_cams2_s3drop25 idf1=0.790081 acc=0.922667 sw=96
[169/205] OK soc3/2022_10_06_M3_M6/C7e_cams4_s3drop25 idf1=0.895403 acc=0.902556 sw=140
[170/205] OK soc3/2022_10_06_M3_M6/C8_drop50_sigma0 idf1=0.863192 acc=0.877049 sw=164
[171/205] OK soc3/2022_10_06_M5_M1/C7e_cams3_s3drop25 idf1=0.967848 acc=0.999984 sw=4
[172/205] OK soc3/2022_10_06_M3_M6/C7e_cams5_s3drop25 idf1=0.566524 acc=0.567666 sw=78
[173/205] OK soc3/2022_10_07_M1_M4/C7e_cams2_s3drop25 idf1=0.840792 acc=0.981269 sw=10
[174/205] OK soc3/2022_10_06_M5_M1/C7e_cams4_s3drop25 idf1=0.992038 acc=0.99996 sw=10
[175/205] OK soc3/2022_10_07_M1_M4/C7e_cams3_s3drop25 idf1=0.967444 acc=0.999771 sw=29
[176/205] OK soc3/2022_10_06_M5_M1/C7e_cams5_s3drop25 idf1=0.998022 acc=0.99997 sw=4
[177/205] OK soc3/2022_10_06_M5_M1/C8_drop50_sigma0 idf1=0.772326 acc=0.784843 sw=18
[178/205] OK soc3/2022_10_07_M5_M3/C7e_cams2_s3drop25 idf1=0.857214 acc=0.999975 sw=10
[179/205] OK soc3/2022_10_07_M1_M4/C7e_cams4_s3drop25 idf1=0.991996 acc=0.999985 sw=4
[180/205] OK soc3/2022_10_07_M5_M3/C7e_cams3_s3drop25 idf1=0.967591 acc=0.999888 sw=20
[181/205] OK soc3/2022_10_07_M1_M4/C7e_cams5_s3drop25 idf1=0.997967 acc=0.999982 sw=2
[182/205] OK soc3/2022_10_07_M1_M4/C8_drop50_sigma0 idf1=0.933041 acc=0.94814 sw=17
[183/205] OK soc3/2022_10_07_M6_M2/C7e_cams2_s3drop25 idf1=0.50439 acc=0.587654 sw=64
[184/205] OK soc3/2022_10_07_M5_M3/C7e_cams4_s3drop25 idf1=0.992142 acc=0.999973 sw=2
[185/205] OK soc3/2022_10_07_M6_M2/C7e_cams3_s3drop25 idf1=0.960971 acc=0.993082 sw=90
[186/205] OK soc3/2022_10_07_M5_M3/C7e_cams5_s3drop25 idf1=0.762218 acc=0.763728 sw=8
[187/205] OK soc3/2022_10_07_M5_M3/C8_drop50_sigma0 idf1=0.984233 acc=0.999886 sw=21
[188/205] OK soc3/2022_10_08_M1_M3/C7e_cams2_s3drop25 idf1=0.857355 acc=0.999925 sw=10
[189/205] OK soc3/2022_10_07_M6_M2/C7e_cams4_s3drop25 idf1=0.890462 acc=0.897425 sw=38
[190/205] OK soc3/2022_10_08_M1_M3/C7e_cams3_s3drop25 idf1=0.967298 acc=0.999824 sw=24
[191/205] OK soc3/2022_10_07_M6_M2/C7e_cams5_s3drop25 idf1=0.997973 acc=0.999941 sw=8
[192/205] OK soc3/2022_10_07_M6_M2/C8_drop50_sigma0 idf1=0.733887 acc=0.745849 sw=85
[193/205] OK soc3/2022_10_08_M5_M2/C7e_cams2_s3drop25 idf1=0.856274 acc=0.999136 sw=134
[194/205] OK soc3/2022_10_08_M1_M3/C7e_cams4_s3drop25 idf1=0.992207 acc=0.999996 sw=0
[195/205] OK soc3/2022_10_08_M1_M3/C7e_cams5_s3drop25 idf1=0.99796 acc=0.999995 sw=2
[196/205] OK soc3/2022_10_08_M5_M2/C7e_cams3_s3drop25 idf1=0.967569 acc=0.999995 sw=2
[197/205] OK soc3/2022_10_08_M1_M3/C8_drop50_sigma0 idf1=0.949403 acc=0.964651 sw=9
[198/205] OK soc3/2022_10_08_M6_M4/C7e_cams2_s3drop25 idf1=0.841084 acc=0.981143 sw=75
[199/205] OK soc3/2022_10_08_M5_M2/C7e_cams4_s3drop25 idf1=0.992059 acc=0.999987 sw=2
[200/205] OK soc3/2022_10_08_M5_M2/C7e_cams5_s3drop25 idf1=0.998032 acc=0.999988 sw=4
[201/205] OK soc3/2022_10_08_M6_M4/C7e_cams3_s3drop25 idf1=0.944632 acc=0.976369 sw=28
[202/205] OK soc3/2022_10_08_M5_M2/C8_drop50_sigma0 idf1=0.984016 acc=0.999882 sw=25
[203/205] OK soc3/2022_10_08_M6_M4/C7e_cams4_s3drop25 idf1=0.990398 acc=0.998132 sw=46
[204/205] OK soc3/2022_10_08_M6_M4/C8_drop50_sigma0 idf1=0.980102 acc=0.996246 sw=81
[205/205] OK soc3/2022_10_08_M6_M4/C7e_cams5_s3drop25 idf1=0.997819 acc=0.999779 sw=24
